mode: atomic
tipharez-allmighty/youtube-scraper/cmd/main.go:16.13,22.16 5 0
tipharez-allmighty/youtube-scraper/cmd/main.go:22.16,25.3 2 0
tipharez-allmighty/youtube-scraper/cmd/main.go:26.2,30.21 5 0
tipharez-allmighty/youtube-scraper/cmd/main.go:31.9,32.34 1 0
tipharez-allmighty/youtube-scraper/cmd/main.go:33.9,34.35 1 0
tipharez-allmighty/youtube-scraper/cmd/main.go:35.10,36.34 1 0
tipharez-allmighty/youtube-scraper/cmd/main.go:38.2,40.28 3 0
tipharez-allmighty/youtube-scraper/internal/cli/base.go:20.77,22.18 2 0
tipharez-allmighty/youtube-scraper/internal/cli/base.go:22.18,24.3 1 0
tipharez-allmighty/youtube-scraper/internal/cli/base.go:25.2,26.16 2 0
tipharez-allmighty/youtube-scraper/internal/cli/base.go:26.16,28.3 1 0
tipharez-allmighty/youtube-scraper/internal/cli/base.go:29.2,30.19 2 0
tipharez-allmighty/youtube-scraper/internal/cli/base.go:33.80,34.22 1 0
tipharez-allmighty/youtube-scraper/internal/cli/base.go:34.22,36.60 2 0
tipharez-allmighty/youtube-scraper/internal/cli/base.go:36.60,38.4 1 0
tipharez-allmighty/youtube-scraper/internal/cli/export.go:23.51,27.53 4 0
tipharez-allmighty/youtube-scraper/internal/cli/export.go:27.53,29.3 1 0
tipharez-allmighty/youtube-scraper/internal/cli/export.go:30.2,30.26 1 0
tipharez-allmighty/youtube-scraper/internal/cli/export.go:30.26,31.82 1 0
tipharez-allmighty/youtube-scraper/internal/cli/export.go:31.82,33.4 1 0
tipharez-allmighty/youtube-scraper/internal/cli/export.go:33.9,35.4 1 0
tipharez-allmighty/youtube-scraper/internal/cli/export.go:37.2,38.16 2 0
tipharez-allmighty/youtube-scraper/internal/cli/export.go:38.16,40.3 1 0
tipharez-allmighty/youtube-scraper/internal/cli/export.go:41.2,45.15 4 0
tipharez-allmighty/youtube-scraper/internal/cli/export.go:45.15,46.129 1 0
tipharez-allmighty/youtube-scraper/internal/cli/export.go:46.129,49.4 2 0
tipharez-allmighty/youtube-scraper/internal/cli/export.go:51.2,51.15 1 0
tipharez-allmighty/youtube-scraper/internal/cli/export.go:51.15,52.131 1 0
tipharez-allmighty/youtube-scraper/internal/cli/export.go:52.131,55.4 2 0
tipharez-allmighty/youtube-scraper/internal/cli/export.go:57.2,57.15 1 0
tipharez-allmighty/youtube-scraper/internal/cli/export.go:57.15,58.133 1 0
tipharez-allmighty/youtube-scraper/internal/cli/export.go:58.133,61.4 2 0
tipharez-allmighty/youtube-scraper/internal/cli/export.go:63.2,66.27 3 0
tipharez-allmighty/youtube-scraper/internal/cli/export.go:66.27,68.3 1 0
tipharez-allmighty/youtube-scraper/internal/cli/export.go:69.2,69.19 1 0
tipharez-allmighty/youtube-scraper/internal/cli/export.go:69.19,71.3 1 0
tipharez-allmighty/youtube-scraper/internal/cli/export.go:72.2,72.12 1 0
tipharez-allmighty/youtube-scraper/internal/cli/job.go:27.53,29.16 2 0
tipharez-allmighty/youtube-scraper/internal/cli/job.go:29.16,31.3 1 0
tipharez-allmighty/youtube-scraper/internal/cli/job.go:32.2,34.16 3 0
tipharez-allmighty/youtube-scraper/internal/cli/job.go:34.16,36.3 1 0
tipharez-allmighty/youtube-scraper/internal/cli/job.go:37.2,39.27 3 0
tipharez-allmighty/youtube-scraper/internal/cli/job.go:39.27,41.43 2 0
tipharez-allmighty/youtube-scraper/internal/cli/job.go:41.43,43.4 1 0
tipharez-allmighty/youtube-scraper/internal/cli/job.go:44.3,44.87 1 0
tipharez-allmighty/youtube-scraper/internal/cli/job.go:46.2,46.18 1 0
tipharez-allmighty/youtube-scraper/internal/cli/job.go:49.55,51.16 2 0
tipharez-allmighty/youtube-scraper/internal/cli/job.go:51.16,53.3 1 0
tipharez-allmighty/youtube-scraper/internal/cli/job.go:54.2,56.16 3 0
tipharez-allmighty/youtube-scraper/internal/cli/job.go:56.16,58.3 1 0
tipharez-allmighty/youtube-scraper/internal/cli/job.go:59.2,60.48 2 0
tipharez-allmighty/youtube-scraper/internal/cli/job.go:60.48,62.3 1 0
tipharez-allmighty/youtube-scraper/internal/cli/job.go:63.2,66.18 4 0
tipharez-allmighty/youtube-scraper/internal/cli/resume.go:27.72,29.16 2 0
tipharez-allmighty/youtube-scraper/internal/cli/resume.go:29.16,31.3 1 0
tipharez-allmighty/youtube-scraper/internal/cli/resume.go:32.2,35.16 4 0
tipharez-allmighty/youtube-scraper/internal/cli/resume.go:35.16,37.3 1 0
tipharez-allmighty/youtube-scraper/internal/cli/resume.go:38.2,39.16 2 0
tipharez-allmighty/youtube-scraper/internal/cli/resume.go:39.16,41.3 1 0
tipharez-allmighty/youtube-scraper/internal/cli/resume.go:42.2,42.21 1 0
tipharez-allmighty/youtube-scraper/internal/cli/resume.go:42.21,44.3 1 0
tipharez-allmighty/youtube-scraper/internal/cli/resume.go:45.2,49.29 3 0
tipharez-allmighty/youtube-scraper/internal/cli/resume.go:49.29,50.20 1 0
tipharez-allmighty/youtube-scraper/internal/cli/resume.go:51.23,52.49 1 0
tipharez-allmighty/youtube-scraper/internal/cli/resume.go:53.23,54.49 1 0
tipharez-allmighty/youtube-scraper/internal/cli/resume.go:55.22,56.51 1 0
tipharez-allmighty/youtube-scraper/internal/cli/resume.go:59.2,59.9 1 0
tipharez-allmighty/youtube-scraper/internal/cli/resume.go:60.31,61.81 1 0
tipharez-allmighty/youtube-scraper/internal/cli/resume.go:61.81,63.4 1 0
tipharez-allmighty/youtube-scraper/internal/cli/resume.go:64.31,65.111 1 0
tipharez-allmighty/youtube-scraper/internal/cli/resume.go:65.111,67.4 1 0
tipharez-allmighty/youtube-scraper/internal/cli/resume.go:68.32,69.96 1 0
tipharez-allmighty/youtube-scraper/internal/cli/resume.go:69.96,71.4 1 0
tipharez-allmighty/youtube-scraper/internal/cli/resume.go:73.2,73.12 1 0
tipharez-allmighty/youtube-scraper/internal/cli/resume.go:76.161,84.27 7 0
tipharez-allmighty/youtube-scraper/internal/cli/resume.go:84.27,85.22 1 0
tipharez-allmighty/youtube-scraper/internal/cli/resume.go:85.22,86.34 1 0
tipharez-allmighty/youtube-scraper/internal/cli/resume.go:86.34,87.110 1 0
tipharez-allmighty/youtube-scraper/internal/cli/resume.go:87.110,97.6 2 0
tipharez-allmighty/youtube-scraper/internal/cli/resume.go:101.2,101.27 1 0
tipharez-allmighty/youtube-scraper/internal/cli/resume.go:101.27,102.22 1 0
tipharez-allmighty/youtube-scraper/internal/cli/resume.go:102.22,103.36 1 0
tipharez-allmighty/youtube-scraper/internal/cli/resume.go:103.36,104.111 1 0
tipharez-allmighty/youtube-scraper/internal/cli/resume.go:104.111,114.6 2 0
tipharez-allmighty/youtube-scraper/internal/cli/resume.go:118.2,118.27 1 0
tipharez-allmighty/youtube-scraper/internal/cli/resume.go:118.27,119.23 1 0
tipharez-allmighty/youtube-scraper/internal/cli/resume.go:119.23,120.38 1 0
tipharez-allmighty/youtube-scraper/internal/cli/resume.go:120.38,121.115 1 0
tipharez-allmighty/youtube-scraper/internal/cli/resume.go:121.115,129.6 2 0
tipharez-allmighty/youtube-scraper/internal/cli/resume.go:134.2,134.38 1 0
tipharez-allmighty/youtube-scraper/internal/cli/resume.go:134.38,137.17 3 0
tipharez-allmighty/youtube-scraper/internal/cli/resume.go:137.17,139.4 1 0
tipharez-allmighty/youtube-scraper/internal/cli/resume.go:140.3,140.68 1 0
tipharez-allmighty/youtube-scraper/internal/cli/resume.go:140.68,143.4 2 0
tipharez-allmighty/youtube-scraper/internal/cli/resume.go:145.2,146.38 2 0
tipharez-allmighty/youtube-scraper/internal/cli/resume.go:146.38,149.17 3 0
tipharez-allmighty/youtube-scraper/internal/cli/resume.go:149.17,151.4 1 0
tipharez-allmighty/youtube-scraper/internal/cli/resume.go:152.3,152.70 1 0
tipharez-allmighty/youtube-scraper/internal/cli/resume.go:152.70,154.4 1 0
tipharez-allmighty/youtube-scraper/internal/cli/resume.go:157.2,157.39 1 0
tipharez-allmighty/youtube-scraper/internal/cli/resume.go:157.39,160.17 3 0
tipharez-allmighty/youtube-scraper/internal/cli/resume.go:160.17,162.4 1 0
tipharez-allmighty/youtube-scraper/internal/cli/resume.go:163.3,163.72 1 0
tipharez-allmighty/youtube-scraper/internal/cli/resume.go:163.72,165.4 1 0
tipharez-allmighty/youtube-scraper/internal/cli/resume.go:167.2,170.12 4 0
tipharez-allmighty/youtube-scraper/internal/cli/resume.go:173.203,179.27 5 0
tipharez-allmighty/youtube-scraper/internal/cli/resume.go:179.27,180.22 1 0
tipharez-allmighty/youtube-scraper/internal/cli/resume.go:180.22,181.36 1 0
tipharez-allmighty/youtube-scraper/internal/cli/resume.go:181.36,182.111 1 0
tipharez-allmighty/youtube-scraper/internal/cli/resume.go:182.111,192.6 2 0
tipharez-allmighty/youtube-scraper/internal/cli/resume.go:196.2,196.27 1 0
tipharez-allmighty/youtube-scraper/internal/cli/resume.go:196.27,197.23 1 0
tipharez-allmighty/youtube-scraper/internal/cli/resume.go:197.23,198.38 1 0
tipharez-allmighty/youtube-scraper/internal/cli/resume.go:198.38,199.115 1 0
tipharez-allmighty/youtube-scraper/internal/cli/resume.go:199.115,207.6 2 0
tipharez-allmighty/youtube-scraper/internal/cli/resume.go:211.2,211.35 1 0
tipharez-allmighty/youtube-scraper/internal/cli/resume.go:211.35,214.17 3 0
tipharez-allmighty/youtube-scraper/internal/cli/resume.go:214.17,216.4 1 0
tipharez-allmighty/youtube-scraper/internal/cli/resume.go:217.3,217.70 1 0
tipharez-allmighty/youtube-scraper/internal/cli/resume.go:217.70,220.4 2 0
tipharez-allmighty/youtube-scraper/internal/cli/resume.go:222.2,224.36 2 0
tipharez-allmighty/youtube-scraper/internal/cli/resume.go:224.36,227.17 3 0
tipharez-allmighty/youtube-scraper/internal/cli/resume.go:227.17,229.4 1 0
tipharez-allmighty/youtube-scraper/internal/cli/resume.go:230.3,230.72 1 0
tipharez-allmighty/youtube-scraper/internal/cli/resume.go:230.72,232.4 1 0
tipharez-allmighty/youtube-scraper/internal/cli/resume.go:234.2,236.12 3 0
tipharez-allmighty/youtube-scraper/internal/cli/resume.go:239.176,242.27 3 0
tipharez-allmighty/youtube-scraper/internal/cli/resume.go:242.27,243.23 1 0
tipharez-allmighty/youtube-scraper/internal/cli/resume.go:243.23,244.38 1 0
tipharez-allmighty/youtube-scraper/internal/cli/resume.go:244.38,245.115 1 0
tipharez-allmighty/youtube-scraper/internal/cli/resume.go:245.115,253.6 2 0
tipharez-allmighty/youtube-scraper/internal/cli/resume.go:258.2,258.36 1 0
tipharez-allmighty/youtube-scraper/internal/cli/resume.go:258.36,261.17 3 0
tipharez-allmighty/youtube-scraper/internal/cli/resume.go:261.17,263.4 1 0
tipharez-allmighty/youtube-scraper/internal/cli/resume.go:264.3,264.72 1 0
tipharez-allmighty/youtube-scraper/internal/cli/resume.go:264.72,267.4 2 0
tipharez-allmighty/youtube-scraper/internal/cli/resume.go:269.2,271.12 3 0
tipharez-allmighty/youtube-scraper/internal/cli/run.go:22.69,24.64 2 0
tipharez-allmighty/youtube-scraper/internal/cli/run.go:24.64,26.3 1 0
tipharez-allmighty/youtube-scraper/internal/cli/run.go:27.2,28.55 2 0
tipharez-allmighty/youtube-scraper/internal/cli/run.go:28.55,30.3 1 0
tipharez-allmighty/youtube-scraper/internal/cli/run.go:32.2,33.16 2 0
tipharez-allmighty/youtube-scraper/internal/cli/run.go:33.16,35.3 1 0
tipharez-allmighty/youtube-scraper/internal/cli/run.go:36.2,38.16 3 0
tipharez-allmighty/youtube-scraper/internal/cli/run.go:38.16,40.3 1 0
tipharez-allmighty/youtube-scraper/internal/cli/run.go:41.2,42.45 2 0
tipharez-allmighty/youtube-scraper/internal/cli/run.go:42.45,44.3 1 0
tipharez-allmighty/youtube-scraper/internal/cli/run.go:45.2,60.27 10 0
tipharez-allmighty/youtube-scraper/internal/cli/run.go:60.27,61.22 1 0
tipharez-allmighty/youtube-scraper/internal/cli/run.go:61.22,62.31 1 0
tipharez-allmighty/youtube-scraper/internal/cli/run.go:62.31,63.93 1 0
tipharez-allmighty/youtube-scraper/internal/cli/run.go:63.93,76.6 1 0
tipharez-allmighty/youtube-scraper/internal/cli/run.go:80.2,80.27 1 0
tipharez-allmighty/youtube-scraper/internal/cli/run.go:80.27,81.29 1 0
tipharez-allmighty/youtube-scraper/internal/cli/run.go:81.29,82.36 1 0
tipharez-allmighty/youtube-scraper/internal/cli/run.go:82.36,83.95 1 0
tipharez-allmighty/youtube-scraper/internal/cli/run.go:83.95,93.6 2 0
tipharez-allmighty/youtube-scraper/internal/cli/run.go:97.2,97.27 1 0
tipharez-allmighty/youtube-scraper/internal/cli/run.go:97.27,98.23 1 0
tipharez-allmighty/youtube-scraper/internal/cli/run.go:98.23,99.38 1 0
tipharez-allmighty/youtube-scraper/internal/cli/run.go:99.38,100.96 1 0
tipharez-allmighty/youtube-scraper/internal/cli/run.go:100.96,108.6 2 0
tipharez-allmighty/youtube-scraper/internal/cli/run.go:112.2,114.40 3 0
tipharez-allmighty/youtube-scraper/internal/cli/run.go:114.40,115.65 1 0
tipharez-allmighty/youtube-scraper/internal/cli/run.go:115.65,118.4 2 0
tipharez-allmighty/youtube-scraper/internal/cli/run.go:120.2,122.12 3 0
tipharez-allmighty/youtube-scraper/internal/input/decode.go:10.58,12.17 2 0
tipharez-allmighty/youtube-scraper/internal/input/decode.go:12.17,14.3 1 0
tipharez-allmighty/youtube-scraper/internal/input/decode.go:14.8,16.3 1 0
tipharez-allmighty/youtube-scraper/internal/input/decode.go:17.2,17.12 1 0
tipharez-allmighty/youtube-scraper/internal/config/config.go:21.30,23.16 2 0
tipharez-allmighty/youtube-scraper/internal/config/config.go:23.16,25.3 1 0
tipharez-allmighty/youtube-scraper/internal/config/config.go:26.2,27.39 2 0
tipharez-allmighty/youtube-scraper/internal/config/config.go:27.39,29.3 1 0
tipharez-allmighty/youtube-scraper/internal/config/config.go:30.2,30.17 1 0
tipharez-allmighty/youtube-scraper/internal/export/csv.go:15.114,17.16 2 0
tipharez-allmighty/youtube-scraper/internal/export/csv.go:17.16,19.3 1 0
tipharez-allmighty/youtube-scraper/internal/export/csv.go:20.2,25.6 5 0
tipharez-allmighty/youtube-scraper/internal/export/csv.go:25.6,26.10 1 0
tipharez-allmighty/youtube-scraper/internal/export/csv.go:27.21,28.20 1 0
tipharez-allmighty/youtube-scraper/internal/export/csv.go:29.11,29.11 0 0
tipharez-allmighty/youtube-scraper/internal/export/csv.go:31.3,32.17 2 0
tipharez-allmighty/youtube-scraper/internal/export/csv.go:32.17,34.4 1 0
tipharez-allmighty/youtube-scraper/internal/export/csv.go:35.3,35.21 1 0
tipharez-allmighty/youtube-scraper/internal/export/csv.go:35.21,36.9 1 0
tipharez-allmighty/youtube-scraper/internal/export/csv.go:38.3,39.18 2 0
tipharez-allmighty/youtube-scraper/internal/export/csv.go:39.18,41.18 2 0
tipharez-allmighty/youtube-scraper/internal/export/csv.go:41.18,43.5 1 0
tipharez-allmighty/youtube-scraper/internal/export/csv.go:44.4,44.46 1 0
tipharez-allmighty/youtube-scraper/internal/export/csv.go:46.3,46.28 1 0
tipharez-allmighty/youtube-scraper/internal/export/csv.go:46.28,48.18 2 0
tipharez-allmighty/youtube-scraper/internal/export/csv.go:48.18,50.5 1 0
tipharez-allmighty/youtube-scraper/internal/export/csv.go:51.4,51.42 1 0
tipharez-allmighty/youtube-scraper/internal/export/csv.go:53.3,53.54 1 0
tipharez-allmighty/youtube-scraper/internal/export/csv.go:53.54,55.4 1 0
tipharez-allmighty/youtube-scraper/internal/export/csv.go:56.3,56.24 1 0
tipharez-allmighty/youtube-scraper/internal/export/csv.go:56.24,57.9 1 0
tipharez-allmighty/youtube-scraper/internal/export/csv.go:59.3,59.22 1 0
tipharez-allmighty/youtube-scraper/internal/export/csv.go:61.2,61.12 1 0
tipharez-allmighty/youtube-scraper/internal/export/csv.go:64.41,66.33 2 0
tipharez-allmighty/youtube-scraper/internal/export/csv.go:66.33,68.3 1 0
tipharez-allmighty/youtube-scraper/internal/export/csv.go:69.2,69.32 1 0
tipharez-allmighty/youtube-scraper/internal/export/csv.go:69.32,71.3 1 0
tipharez-allmighty/youtube-scraper/internal/export/csv.go:72.2,74.27 3 0
tipharez-allmighty/youtube-scraper/internal/export/csv.go:74.27,75.22 1 0
tipharez-allmighty/youtube-scraper/internal/export/csv.go:75.22,76.12 1 0
tipharez-allmighty/youtube-scraper/internal/export/csv.go:78.3,78.40 1 0
tipharez-allmighty/youtube-scraper/internal/export/csv.go:80.2,80.21 1 0
tipharez-allmighty/youtube-scraper/internal/export/csv.go:83.38,85.33 2 0
tipharez-allmighty/youtube-scraper/internal/export/csv.go:85.33,87.3 1 0
tipharez-allmighty/youtube-scraper/internal/export/csv.go:88.2,88.32 1 0
tipharez-allmighty/youtube-scraper/internal/export/csv.go:88.32,90.3 1 0
tipharez-allmighty/youtube-scraper/internal/export/csv.go:91.2,93.27 3 0
tipharez-allmighty/youtube-scraper/internal/export/csv.go:93.27,94.22 1 0
tipharez-allmighty/youtube-scraper/internal/export/csv.go:94.22,95.12 1 0
tipharez-allmighty/youtube-scraper/internal/export/csv.go:97.3,97.62 1 0
tipharez-allmighty/youtube-scraper/internal/export/csv.go:99.2,99.17 1 0
tipharez-allmighty/youtube-scraper/internal/export/csv.go:102.43,103.34 1 0
tipharez-allmighty/youtube-scraper/internal/export/csv.go:103.34,104.17 1 0
tipharez-allmighty/youtube-scraper/internal/export/csv.go:104.17,106.4 1 0
tipharez-allmighty/youtube-scraper/internal/export/csv.go:107.3,107.17 1 0
tipharez-allmighty/youtube-scraper/internal/export/csv.go:109.2,109.45 1 0
tipharez-allmighty/youtube-scraper/internal/export/csv.go:109.45,111.3 1 0
tipharez-allmighty/youtube-scraper/internal/export/csv.go:112.2,112.42 1 0
tipharez-allmighty/youtube-scraper/internal/export/sqlite.go:14.86,16.18 2 0
tipharez-allmighty/youtube-scraper/internal/export/sqlite.go:16.18,18.3 1 0
tipharez-allmighty/youtube-scraper/internal/export/sqlite.go:19.2,20.16 2 0
tipharez-allmighty/youtube-scraper/internal/export/sqlite.go:20.16,22.3 1 0
tipharez-allmighty/youtube-scraper/internal/export/sqlite.go:23.2,24.19 2 0
tipharez-allmighty/youtube-scraper/internal/export/sqlite.go:27.77,29.18 2 0
tipharez-allmighty/youtube-scraper/internal/export/sqlite.go:29.18,31.3 1 0
tipharez-allmighty/youtube-scraper/internal/export/sqlite.go:32.2,33.51 2 0
tipharez-allmighty/youtube-scraper/internal/export/sqlite.go:33.51,35.3 1 0
tipharez-allmighty/youtube-scraper/internal/export/sqlite.go:36.2,36.15 1 0
tipharez-allmighty/youtube-scraper/internal/export/sqlite.go:36.15,37.17 1 0
tipharez-allmighty/youtube-scraper/internal/export/sqlite.go:37.17,39.4 1 0
tipharez-allmighty/youtube-scraper/internal/export/sqlite.go:41.2,42.16 2 0
tipharez-allmighty/youtube-scraper/internal/export/sqlite.go:42.16,44.3 1 0
tipharez-allmighty/youtube-scraper/internal/export/sqlite.go:45.2,46.53 2 0
tipharez-allmighty/youtube-scraper/internal/export/sqlite.go:46.53,48.3 1 0
tipharez-allmighty/youtube-scraper/internal/export/sqlite.go:49.2,49.12 1 0
tipharez-allmighty/youtube-scraper/internal/export/sqlite.go:52.50,54.16 2 0
tipharez-allmighty/youtube-scraper/internal/export/sqlite.go:54.16,56.3 1 0
tipharez-allmighty/youtube-scraper/internal/export/sqlite.go:57.2,57.16 1 0
tipharez-allmighty/youtube-scraper/internal/export/sqlite.go:60.47,62.16 2 0
tipharez-allmighty/youtube-scraper/internal/export/sqlite.go:62.16,64.3 1 0
tipharez-allmighty/youtube-scraper/internal/export/sqlite.go:65.2,67.16 3 0
tipharez-allmighty/youtube-scraper/internal/export/sqlite.go:67.16,69.3 1 0
tipharez-allmighty/youtube-scraper/internal/export/sqlite.go:70.2,71.53 2 0
tipharez-allmighty/youtube-scraper/internal/export/sqlite.go:71.53,73.3 1 0
tipharez-allmighty/youtube-scraper/internal/export/sqlite.go:74.2,75.12 2 0
tipharez-allmighty/youtube-scraper/internal/export/sqlite.go:78.42,79.44 1 0
tipharez-allmighty/youtube-scraper/internal/export/sqlite.go:79.44,81.3 1 0
tipharez-allmighty/youtube-scraper/internal/export/sqlite.go:82.2,82.12 1 0
tipharez-allmighty/youtube-scraper/internal/channel/chan.go:9.58,12.2 2 0
tipharez-allmighty/youtube-scraper/internal/channel/chan.go:14.69,15.9 1 0
tipharez-allmighty/youtube-scraper/internal/channel/chan.go:16.15,17.13 1 0
tipharez-allmighty/youtube-scraper/internal/channel/chan.go:18.20,19.19 1 0
tipharez-allmighty/youtube-scraper/cmd/main.go:16.13,22.16 5 0
tipharez-allmighty/youtube-scraper/cmd/main.go:22.16,25.3 2 0
tipharez-allmighty/youtube-scraper/cmd/main.go:26.2,30.21 5 0
tipharez-allmighty/youtube-scraper/cmd/main.go:31.9,32.34 1 0
tipharez-allmighty/youtube-scraper/cmd/main.go:33.9,34.35 1 0
tipharez-allmighty/youtube-scraper/cmd/main.go:35.10,36.34 1 0
tipharez-allmighty/youtube-scraper/cmd/main.go:38.2,40.28 3 0
tipharez-allmighty/youtube-scraper/internal/channel/chan.go:9.58,12.2 2 0
tipharez-allmighty/youtube-scraper/internal/channel/chan.go:14.69,15.9 1 0
tipharez-allmighty/youtube-scraper/internal/channel/chan.go:16.15,17.13 1 0
tipharez-allmighty/youtube-scraper/internal/channel/chan.go:18.20,19.19 1 0
tipharez-allmighty/youtube-scraper/internal/cli/base.go:20.77,22.18 2 0
tipharez-allmighty/youtube-scraper/internal/cli/base.go:22.18,24.3 1 0
tipharez-allmighty/youtube-scraper/internal/cli/base.go:25.2,26.16 2 0
tipharez-allmighty/youtube-scraper/internal/cli/base.go:26.16,28.3 1 0
tipharez-allmighty/youtube-scraper/internal/cli/base.go:29.2,30.19 2 0
tipharez-allmighty/youtube-scraper/internal/cli/base.go:33.80,34.22 1 0
tipharez-allmighty/youtube-scraper/internal/cli/base.go:34.22,36.60 2 0
tipharez-allmighty/youtube-scraper/internal/cli/base.go:36.60,38.4 1 0
tipharez-allmighty/youtube-scraper/internal/cli/export.go:23.51,27.53 4 0
tipharez-allmighty/youtube-scraper/internal/cli/export.go:27.53,29.3 1 0
tipharez-allmighty/youtube-scraper/internal/cli/export.go:30.2,30.26 1 0
tipharez-allmighty/youtube-scraper/internal/cli/export.go:30.26,31.82 1 0
tipharez-allmighty/youtube-scraper/internal/cli/export.go:31.82,33.4 1 0
tipharez-allmighty/youtube-scraper/internal/cli/export.go:33.9,35.4 1 0
tipharez-allmighty/youtube-scraper/internal/cli/export.go:37.2,38.16 2 0
tipharez-allmighty/youtube-scraper/internal/cli/export.go:38.16,40.3 1 0
tipharez-allmighty/youtube-scraper/internal/cli/export.go:41.2,45.15 4 0
tipharez-allmighty/youtube-scraper/internal/cli/export.go:45.15,46.129 1 0
tipharez-allmighty/youtube-scraper/internal/cli/export.go:46.129,49.4 2 0
tipharez-allmighty/youtube-scraper/internal/cli/export.go:51.2,51.15 1 0
tipharez-allmighty/youtube-scraper/internal/cli/export.go:51.15,52.131 1 0
tipharez-allmighty/youtube-scraper/internal/cli/export.go:52.131,55.4 2 0
tipharez-allmighty/youtube-scraper/internal/cli/export.go:57.2,57.15 1 0
tipharez-allmighty/youtube-scraper/internal/cli/export.go:57.15,58.133 1 0
tipharez-allmighty/youtube-scraper/internal/cli/export.go:58.133,61.4 2 0
tipharez-allmighty/youtube-scraper/internal/cli/export.go:63.2,66.27 3 0
tipharez-allmighty/youtube-scraper/internal/cli/export.go:66.27,68.3 1 0
tipharez-allmighty/youtube-scraper/internal/cli/export.go:69.2,69.19 1 0
tipharez-allmighty/youtube-scraper/internal/cli/export.go:69.19,71.3 1 0
tipharez-allmighty/youtube-scraper/internal/cli/export.go:72.2,72.12 1 0
tipharez-allmighty/youtube-scraper/internal/cli/job.go:27.53,29.16 2 0
tipharez-allmighty/youtube-scraper/internal/cli/job.go:29.16,31.3 1 0
tipharez-allmighty/youtube-scraper/internal/cli/job.go:32.2,34.16 3 0
tipharez-allmighty/youtube-scraper/internal/cli/job.go:34.16,36.3 1 0
tipharez-allmighty/youtube-scraper/internal/cli/job.go:37.2,39.27 3 0
tipharez-allmighty/youtube-scraper/internal/cli/job.go:39.27,41.43 2 0
tipharez-allmighty/youtube-scraper/internal/cli/job.go:41.43,43.4 1 0
tipharez-allmighty/youtube-scraper/internal/cli/job.go:44.3,44.87 1 0
tipharez-allmighty/youtube-scraper/internal/cli/job.go:46.2,46.18 1 0
tipharez-allmighty/youtube-scraper/internal/cli/job.go:49.55,51.16 2 0
tipharez-allmighty/youtube-scraper/internal/cli/job.go:51.16,53.3 1 0
tipharez-allmighty/youtube-scraper/internal/cli/job.go:54.2,56.16 3 0
tipharez-allmighty/youtube-scraper/internal/cli/job.go:56.16,58.3 1 0
tipharez-allmighty/youtube-scraper/internal/cli/job.go:59.2,60.48 2 0
tipharez-allmighty/youtube-scraper/internal/cli/job.go:60.48,62.3 1 0
tipharez-allmighty/youtube-scraper/internal/cli/job.go:63.2,66.18 4 0
tipharez-allmighty/youtube-scraper/internal/cli/resume.go:27.72,29.16 2 0
tipharez-allmighty/youtube-scraper/internal/cli/resume.go:29.16,31.3 1 0
tipharez-allmighty/youtube-scraper/internal/cli/resume.go:32.2,35.16 4 0
tipharez-allmighty/youtube-scraper/internal/cli/resume.go:35.16,37.3 1 0
tipharez-allmighty/youtube-scraper/internal/cli/resume.go:38.2,39.16 2 0
tipharez-allmighty/youtube-scraper/internal/cli/resume.go:39.16,41.3 1 0
tipharez-allmighty/youtube-scraper/internal/cli/resume.go:42.2,42.21 1 0
tipharez-allmighty/youtube-scraper/internal/cli/resume.go:42.21,44.3 1 0
tipharez-allmighty/youtube-scraper/internal/cli/resume.go:45.2,49.29 3 0
tipharez-allmighty/youtube-scraper/internal/cli/resume.go:49.29,50.20 1 0
tipharez-allmighty/youtube-scraper/internal/cli/resume.go:51.23,52.49 1 0
tipharez-allmighty/youtube-scraper/internal/cli/resume.go:53.23,54.49 1 0
tipharez-allmighty/youtube-scraper/internal/cli/resume.go:55.22,56.51 1 0
tipharez-allmighty/youtube-scraper/internal/cli/resume.go:59.2,59.9 1 0
tipharez-allmighty/youtube-scraper/internal/cli/resume.go:60.31,61.81 1 0
tipharez-allmighty/youtube-scraper/internal/cli/resume.go:61.81,63.4 1 0
tipharez-allmighty/youtube-scraper/internal/cli/resume.go:64.31,65.111 1 0
tipharez-allmighty/youtube-scraper/internal/cli/resume.go:65.111,67.4 1 0
tipharez-allmighty/youtube-scraper/internal/cli/resume.go:68.32,69.96 1 0
tipharez-allmighty/youtube-scraper/internal/cli/resume.go:69.96,71.4 1 0
tipharez-allmighty/youtube-scraper/internal/cli/resume.go:73.2,73.12 1 0
tipharez-allmighty/youtube-scraper/internal/cli/resume.go:76.161,84.27 7 0
tipharez-allmighty/youtube-scraper/internal/cli/resume.go:84.27,85.22 1 0
tipharez-allmighty/youtube-scraper/internal/cli/resume.go:85.22,86.34 1 0
tipharez-allmighty/youtube-scraper/internal/cli/resume.go:86.34,87.110 1 0
tipharez-allmighty/youtube-scraper/internal/cli/resume.go:87.110,97.6 2 0
tipharez-allmighty/youtube-scraper/internal/cli/resume.go:101.2,101.27 1 0
tipharez-allmighty/youtube-scraper/internal/cli/resume.go:101.27,102.22 1 0
tipharez-allmighty/youtube-scraper/internal/cli/resume.go:102.22,103.36 1 0
tipharez-allmighty/youtube-scraper/internal/cli/resume.go:103.36,104.111 1 0
tipharez-allmighty/youtube-scraper/internal/cli/resume.go:104.111,114.6 2 0
tipharez-allmighty/youtube-scraper/internal/cli/resume.go:118.2,118.27 1 0
tipharez-allmighty/youtube-scraper/internal/cli/resume.go:118.27,119.23 1 0
tipharez-allmighty/youtube-scraper/internal/cli/resume.go:119.23,120.38 1 0
tipharez-allmighty/youtube-scraper/internal/cli/resume.go:120.38,121.115 1 0
tipharez-allmighty/youtube-scraper/internal/cli/resume.go:121.115,129.6 2 0
tipharez-allmighty/youtube-scraper/internal/cli/resume.go:134.2,134.38 1 0
tipharez-allmighty/youtube-scraper/internal/cli/resume.go:134.38,137.17 3 0
tipharez-allmighty/youtube-scraper/internal/cli/resume.go:137.17,139.4 1 0
tipharez-allmighty/youtube-scraper/internal/cli/resume.go:140.3,140.68 1 0
tipharez-allmighty/youtube-scraper/internal/cli/resume.go:140.68,143.4 2 0
tipharez-allmighty/youtube-scraper/internal/cli/resume.go:145.2,146.38 2 0
tipharez-allmighty/youtube-scraper/internal/cli/resume.go:146.38,149.17 3 0
tipharez-allmighty/youtube-scraper/internal/cli/resume.go:149.17,151.4 1 0
tipharez-allmighty/youtube-scraper/internal/cli/resume.go:152.3,152.70 1 0
tipharez-allmighty/youtube-scraper/internal/cli/resume.go:152.70,154.4 1 0
tipharez-allmighty/youtube-scraper/internal/cli/resume.go:157.2,157.39 1 0
tipharez-allmighty/youtube-scraper/internal/cli/resume.go:157.39,160.17 3 0
tipharez-allmighty/youtube-scraper/internal/cli/resume.go:160.17,162.4 1 0
tipharez-allmighty/youtube-scraper/internal/cli/resume.go:163.3,163.72 1 0
tipharez-allmighty/youtube-scraper/internal/cli/resume.go:163.72,165.4 1 0
tipharez-allmighty/youtube-scraper/internal/cli/resume.go:167.2,170.12 4 0
tipharez-allmighty/youtube-scraper/internal/cli/resume.go:173.203,179.27 5 0
tipharez-allmighty/youtube-scraper/internal/cli/resume.go:179.27,180.22 1 0
tipharez-allmighty/youtube-scraper/internal/cli/resume.go:180.22,181.36 1 0
tipharez-allmighty/youtube-scraper/internal/cli/resume.go:181.36,182.111 1 0
tipharez-allmighty/youtube-scraper/internal/cli/resume.go:182.111,192.6 2 0
tipharez-allmighty/youtube-scraper/internal/cli/resume.go:196.2,196.27 1 0
tipharez-allmighty/youtube-scraper/internal/cli/resume.go:196.27,197.23 1 0
tipharez-allmighty/youtube-scraper/internal/cli/resume.go:197.23,198.38 1 0
tipharez-allmighty/youtube-scraper/internal/cli/resume.go:198.38,199.115 1 0
tipharez-allmighty/youtube-scraper/internal/cli/resume.go:199.115,207.6 2 0
tipharez-allmighty/youtube-scraper/internal/cli/resume.go:211.2,211.35 1 0
tipharez-allmighty/youtube-scraper/internal/cli/resume.go:211.35,214.17 3 0
tipharez-allmighty/youtube-scraper/internal/cli/resume.go:214.17,216.4 1 0
tipharez-allmighty/youtube-scraper/internal/cli/resume.go:217.3,217.70 1 0
tipharez-allmighty/youtube-scraper/internal/cli/resume.go:217.70,220.4 2 0
tipharez-allmighty/youtube-scraper/internal/cli/resume.go:222.2,224.36 2 0
tipharez-allmighty/youtube-scraper/internal/cli/resume.go:224.36,227.17 3 0
tipharez-allmighty/youtube-scraper/internal/cli/resume.go:227.17,229.4 1 0
tipharez-allmighty/youtube-scraper/internal/cli/resume.go:230.3,230.72 1 0
tipharez-allmighty/youtube-scraper/internal/cli/resume.go:230.72,232.4 1 0
tipharez-allmighty/youtube-scraper/internal/cli/resume.go:234.2,236.12 3 0
tipharez-allmighty/youtube-scraper/internal/cli/resume.go:239.176,242.27 3 0
tipharez-allmighty/youtube-scraper/internal/cli/resume.go:242.27,243.23 1 0
tipharez-allmighty/youtube-scraper/internal/cli/resume.go:243.23,244.38 1 0
tipharez-allmighty/youtube-scraper/internal/cli/resume.go:244.38,245.115 1 0
tipharez-allmighty/youtube-scraper/internal/cli/resume.go:245.115,253.6 2 0
tipharez-allmighty/youtube-scraper/internal/cli/resume.go:258.2,258.36 1 0
tipharez-allmighty/youtube-scraper/internal/cli/resume.go:258.36,261.17 3 0
tipharez-allmighty/youtube-scraper/internal/cli/resume.go:261.17,263.4 1 0
tipharez-allmighty/youtube-scraper/internal/cli/resume.go:264.3,264.72 1 0
tipharez-allmighty/youtube-scraper/internal/cli/resume.go:264.72,267.4 2 0
tipharez-allmighty/youtube-scraper/internal/cli/resume.go:269.2,271.12 3 0
tipharez-allmighty/youtube-scraper/internal/cli/run.go:22.69,24.64 2 0
tipharez-allmighty/youtube-scraper/internal/cli/run.go:24.64,26.3 1 0
tipharez-allmighty/youtube-scraper/internal/cli/run.go:27.2,28.55 2 0
tipharez-allmighty/youtube-scraper/internal/cli/run.go:28.55,30.3 1 0
tipharez-allmighty/youtube-scraper/internal/cli/run.go:32.2,33.16 2 0
tipharez-allmighty/youtube-scraper/internal/cli/run.go:33.16,35.3 1 0
tipharez-allmighty/youtube-scraper/internal/cli/run.go:36.2,38.16 3 0
tipharez-allmighty/youtube-scraper/internal/cli/run.go:38.16,40.3 1 0
tipharez-allmighty/youtube-scraper/internal/cli/run.go:41.2,42.45 2 0
tipharez-allmighty/youtube-scraper/internal/cli/run.go:42.45,44.3 1 0
tipharez-allmighty/youtube-scraper/internal/cli/run.go:45.2,60.27 10 0
tipharez-allmighty/youtube-scraper/internal/cli/run.go:60.27,61.22 1 0
tipharez-allmighty/youtube-scraper/internal/cli/run.go:61.22,62.31 1 0
tipharez-allmighty/youtube-scraper/internal/cli/run.go:62.31,63.93 1 0
tipharez-allmighty/youtube-scraper/internal/cli/run.go:63.93,76.6 1 0
tipharez-allmighty/youtube-scraper/internal/cli/run.go:80.2,80.27 1 0
tipharez-allmighty/youtube-scraper/internal/cli/run.go:80.27,81.29 1 0
tipharez-allmighty/youtube-scraper/internal/cli/run.go:81.29,82.36 1 0
tipharez-allmighty/youtube-scraper/internal/cli/run.go:82.36,83.95 1 0
tipharez-allmighty/youtube-scraper/internal/cli/run.go:83.95,93.6 2 0
tipharez-allmighty/youtube-scraper/internal/cli/run.go:97.2,97.27 1 0
tipharez-allmighty/youtube-scraper/internal/cli/run.go:97.27,98.23 1 0
tipharez-allmighty/youtube-scraper/internal/cli/run.go:98.23,99.38 1 0
tipharez-allmighty/youtube-scraper/internal/cli/run.go:99.38,100.96 1 0
tipharez-allmighty/youtube-scraper/internal/cli/run.go:100.96,108.6 2 0
tipharez-allmighty/youtube-scraper/internal/cli/run.go:112.2,114.40 3 0
tipharez-allmighty/youtube-scraper/internal/cli/run.go:114.40,115.65 1 0
tipharez-allmighty/youtube-scraper/internal/cli/run.go:115.65,118.4 2 0
tipharez-allmighty/youtube-scraper/internal/cli/run.go:120.2,122.12 3 0
tipharez-allmighty/youtube-scraper/internal/config/config.go:21.30,23.16 2 0
tipharez-allmighty/youtube-scraper/internal/config/config.go:23.16,25.3 1 0
tipharez-allmighty/youtube-scraper/internal/config/config.go:26.2,27.39 2 0
tipharez-allmighty/youtube-scraper/internal/config/config.go:27.39,29.3 1 0
tipharez-allmighty/youtube-scraper/internal/config/config.go:30.2,30.17 1 0
tipharez-allmighty/youtube-scraper/internal/export/csv.go:15.114,17.16 2 0
tipharez-allmighty/youtube-scraper/internal/export/csv.go:17.16,19.3 1 0
tipharez-allmighty/youtube-scraper/internal/export/csv.go:20.2,25.6 5 0
tipharez-allmighty/youtube-scraper/internal/export/csv.go:25.6,26.10 1 0
tipharez-allmighty/youtube-scraper/internal/export/csv.go:27.21,28.20 1 0
tipharez-allmighty/youtube-scraper/internal/export/csv.go:29.11,29.11 0 0
tipharez-allmighty/youtube-scraper/internal/export/csv.go:31.3,32.17 2 0
tipharez-allmighty/youtube-scraper/internal/export/csv.go:32.17,34.4 1 0
tipharez-allmighty/youtube-scraper/internal/export/csv.go:35.3,35.21 1 0
tipharez-allmighty/youtube-scraper/internal/export/csv.go:35.21,36.9 1 0
tipharez-allmighty/youtube-scraper/internal/export/csv.go:38.3,39.18 2 0
tipharez-allmighty/youtube-scraper/internal/export/csv.go:39.18,41.18 2 0
tipharez-allmighty/youtube-scraper/internal/export/csv.go:41.18,43.5 1 0
tipharez-allmighty/youtube-scraper/internal/export/csv.go:44.4,44.46 1 0
tipharez-allmighty/youtube-scraper/internal/export/csv.go:46.3,46.28 1 0
tipharez-allmighty/youtube-scraper/internal/export/csv.go:46.28,48.18 2 0
tipharez-allmighty/youtube-scraper/internal/export/csv.go:48.18,50.5 1 0
tipharez-allmighty/youtube-scraper/internal/export/csv.go:51.4,51.42 1 0
tipharez-allmighty/youtube-scraper/internal/export/csv.go:53.3,53.54 1 0
tipharez-allmighty/youtube-scraper/internal/export/csv.go:53.54,55.4 1 0
tipharez-allmighty/youtube-scraper/internal/export/csv.go:56.3,56.24 1 0
tipharez-allmighty/youtube-scraper/internal/export/csv.go:56.24,57.9 1 0
tipharez-allmighty/youtube-scraper/internal/export/csv.go:59.3,59.22 1 0
tipharez-allmighty/youtube-scraper/internal/export/csv.go:61.2,61.12 1 0
tipharez-allmighty/youtube-scraper/internal/export/csv.go:64.41,66.33 2 0
tipharez-allmighty/youtube-scraper/internal/export/csv.go:66.33,68.3 1 0
tipharez-allmighty/youtube-scraper/internal/export/csv.go:69.2,69.32 1 0
tipharez-allmighty/youtube-scraper/internal/export/csv.go:69.32,71.3 1 0
tipharez-allmighty/youtube-scraper/internal/export/csv.go:72.2,74.27 3 0
tipharez-allmighty/youtube-scraper/internal/export/csv.go:74.27,75.22 1 0
tipharez-allmighty/youtube-scraper/internal/export/csv.go:75.22,76.12 1 0
tipharez-allmighty/youtube-scraper/internal/export/csv.go:78.3,78.40 1 0
tipharez-allmighty/youtube-scraper/internal/export/csv.go:80.2,80.21 1 0
tipharez-allmighty/youtube-scraper/internal/export/csv.go:83.38,85.33 2 0
tipharez-allmighty/youtube-scraper/internal/export/csv.go:85.33,87.3 1 0
tipharez-allmighty/youtube-scraper/internal/export/csv.go:88.2,88.32 1 0
tipharez-allmighty/youtube-scraper/internal/export/csv.go:88.32,90.3 1 0
tipharez-allmighty/youtube-scraper/internal/export/csv.go:91.2,93.27 3 0
tipharez-allmighty/youtube-scraper/internal/export/csv.go:93.27,94.22 1 0
tipharez-allmighty/youtube-scraper/internal/export/csv.go:94.22,95.12 1 0
tipharez-allmighty/youtube-scraper/internal/export/csv.go:97.3,97.62 1 0
tipharez-allmighty/youtube-scraper/internal/export/csv.go:99.2,99.17 1 0
tipharez-allmighty/youtube-scraper/internal/export/csv.go:102.43,103.34 1 0
tipharez-allmighty/youtube-scraper/internal/export/csv.go:103.34,104.17 1 0
tipharez-allmighty/youtube-scraper/internal/export/csv.go:104.17,106.4 1 0
tipharez-allmighty/youtube-scraper/internal/export/csv.go:107.3,107.17 1 0
tipharez-allmighty/youtube-scraper/internal/export/csv.go:109.2,109.45 1 0
tipharez-allmighty/youtube-scraper/internal/export/csv.go:109.45,111.3 1 0
tipharez-allmighty/youtube-scraper/internal/export/csv.go:112.2,112.42 1 0
tipharez-allmighty/youtube-scraper/internal/export/sqlite.go:14.86,16.18 2 0
tipharez-allmighty/youtube-scraper/internal/export/sqlite.go:16.18,18.3 1 0
tipharez-allmighty/youtube-scraper/internal/export/sqlite.go:19.2,20.16 2 0
tipharez-allmighty/youtube-scraper/internal/export/sqlite.go:20.16,22.3 1 0
tipharez-allmighty/youtube-scraper/internal/export/sqlite.go:23.2,24.19 2 0
tipharez-allmighty/youtube-scraper/internal/export/sqlite.go:27.77,29.18 2 0
tipharez-allmighty/youtube-scraper/internal/export/sqlite.go:29.18,31.3 1 0
tipharez-allmighty/youtube-scraper/internal/export/sqlite.go:32.2,33.51 2 0
tipharez-allmighty/youtube-scraper/internal/export/sqlite.go:33.51,35.3 1 0
tipharez-allmighty/youtube-scraper/internal/export/sqlite.go:36.2,36.15 1 0
tipharez-allmighty/youtube-scraper/internal/export/sqlite.go:36.15,37.17 1 0
tipharez-allmighty/youtube-scraper/internal/export/sqlite.go:37.17,39.4 1 0
tipharez-allmighty/youtube-scraper/internal/export/sqlite.go:41.2,42.16 2 0
tipharez-allmighty/youtube-scraper/internal/export/sqlite.go:42.16,44.3 1 0
tipharez-allmighty/youtube-scraper/internal/export/sqlite.go:45.2,46.53 2 0
tipharez-allmighty/youtube-scraper/internal/export/sqlite.go:46.53,48.3 1 0
tipharez-allmighty/youtube-scraper/internal/export/sqlite.go:49.2,49.12 1 0
tipharez-allmighty/youtube-scraper/internal/export/sqlite.go:52.50,54.16 2 0
tipharez-allmighty/youtube-scraper/internal/export/sqlite.go:54.16,56.3 1 0
tipharez-allmighty/youtube-scraper/internal/export/sqlite.go:57.2,57.16 1 0
tipharez-allmighty/youtube-scraper/internal/export/sqlite.go:60.47,62.16 2 0
tipharez-allmighty/youtube-scraper/internal/export/sqlite.go:62.16,64.3 1 0
tipharez-allmighty/youtube-scraper/internal/export/sqlite.go:65.2,67.16 3 0
tipharez-allmighty/youtube-scraper/internal/export/sqlite.go:67.16,69.3 1 0
tipharez-allmighty/youtube-scraper/internal/export/sqlite.go:70.2,71.53 2 0
tipharez-allmighty/youtube-scraper/internal/export/sqlite.go:71.53,73.3 1 0
tipharez-allmighty/youtube-scraper/internal/export/sqlite.go:74.2,75.12 2 0
tipharez-allmighty/youtube-scraper/internal/export/sqlite.go:78.42,79.44 1 0
tipharez-allmighty/youtube-scraper/internal/export/sqlite.go:79.44,81.3 1 0
tipharez-allmighty/youtube-scraper/internal/export/sqlite.go:82.2,82.12 1 0
tipharez-allmighty/youtube-scraper/internal/input/decode.go:10.58,12.17 2 0
tipharez-allmighty/youtube-scraper/internal/input/decode.go:12.17,14.3 1 0
tipharez-allmighty/youtube-scraper/internal/input/decode.go:14.8,16.3 1 0
tipharez-allmighty/youtube-scraper/internal/input/decode.go:17.2,17.12 1 0
tipharez-allmighty/youtube-scraper/internal/storage/db.go:20.41,23.16 3 0
tipharez-allmighty/youtube-scraper/internal/storage/db.go:23.16,25.3 1 0
tipharez-allmighty/youtube-scraper/internal/storage/db.go:26.2,26.43 1 0
tipharez-allmighty/youtube-scraper/internal/storage/db.go:26.43,28.3 1 0
tipharez-allmighty/youtube-scraper/internal/storage/db.go:29.2,29.16 1 0
tipharez-allmighty/youtube-scraper/internal/storage/store.go:15.25,17.2 1 0
tipharez-allmighty/youtube-scraper/internal/storage/store.go:19.34,21.2 1 1
tipharez-allmighty/youtube-scraper/internal/storage/store.go:23.54,29.16 2 2
tipharez-allmighty/youtube-scraper/internal/storage/store.go:29.16,31.3 1 0
tipharez-allmighty/youtube-scraper/internal/storage/store.go:32.2,35.18 3 2
tipharez-allmighty/youtube-scraper/internal/storage/store.go:35.18,40.17 3 2
tipharez-allmighty/youtube-scraper/internal/storage/store.go:40.17,42.4 1 0
tipharez-allmighty/youtube-scraper/internal/storage/store.go:43.3,43.65 1 2
tipharez-allmighty/youtube-scraper/internal/storage/store.go:43.65,45.4 1 0
tipharez-allmighty/youtube-scraper/internal/storage/store.go:46.3,46.25 1 2
tipharez-allmighty/youtube-scraper/internal/storage/store.go:48.2,48.35 1 2
tipharez-allmighty/youtube-scraper/internal/storage/store.go:48.35,50.3 1 0
tipharez-allmighty/youtube-scraper/internal/storage/store.go:51.2,51.18 1 2
tipharez-allmighty/youtube-scraper/internal/storage/store.go:54.68,70.16 4 3
tipharez-allmighty/youtube-scraper/internal/storage/store.go:70.16,72.3 1 0
tipharez-allmighty/youtube-scraper/internal/storage/store.go:73.2,73.64 1 3
tipharez-allmighty/youtube-scraper/internal/storage/store.go:73.64,75.3 1 0
tipharez-allmighty/youtube-scraper/internal/storage/store.go:76.2,76.16 1 3
tipharez-allmighty/youtube-scraper/internal/storage/store.go:79.74,89.16 3 1
tipharez-allmighty/youtube-scraper/internal/storage/store.go:89.16,91.3 1 0
tipharez-allmighty/youtube-scraper/internal/storage/store.go:92.2,93.71 2 1
tipharez-allmighty/youtube-scraper/internal/storage/store.go:93.71,95.3 1 0
tipharez-allmighty/youtube-scraper/internal/storage/store.go:96.2,96.26 1 1
tipharez-allmighty/youtube-scraper/internal/storage/store.go:99.65,105.16 2 1
tipharez-allmighty/youtube-scraper/internal/storage/store.go:105.16,107.3 1 0
tipharez-allmighty/youtube-scraper/internal/storage/store.go:108.2,111.18 3 1
tipharez-allmighty/youtube-scraper/internal/storage/store.go:111.18,115.17 2 1
tipharez-allmighty/youtube-scraper/internal/storage/store.go:115.17,117.4 1 0
tipharez-allmighty/youtube-scraper/internal/storage/store.go:118.3,118.27 1 1
tipharez-allmighty/youtube-scraper/internal/storage/store.go:120.2,120.35 1 1
tipharez-allmighty/youtube-scraper/internal/storage/store.go:120.35,122.3 1 0
tipharez-allmighty/youtube-scraper/internal/storage/store.go:123.2,123.19 1 1
tipharez-allmighty/youtube-scraper/internal/storage/store.go:126.89,131.16 2 1
tipharez-allmighty/youtube-scraper/internal/storage/store.go:131.16,133.3 1 0
tipharez-allmighty/youtube-scraper/internal/storage/store.go:134.2,136.18 3 1
tipharez-allmighty/youtube-scraper/internal/storage/store.go:136.18,139.103 2 1
tipharez-allmighty/youtube-scraper/internal/storage/store.go:139.103,141.4 1 0
tipharez-allmighty/youtube-scraper/internal/storage/store.go:142.3,142.29 1 1
tipharez-allmighty/youtube-scraper/internal/storage/store.go:144.2,144.35 1 1
tipharez-allmighty/youtube-scraper/internal/storage/store.go:144.35,146.3 1 0
tipharez-allmighty/youtube-scraper/internal/storage/store.go:147.2,147.42 1 1
tipharez-allmighty/youtube-scraper/internal/storage/store.go:150.98,155.16 2 1
tipharez-allmighty/youtube-scraper/internal/storage/store.go:155.16,157.3 1 0
tipharez-allmighty/youtube-scraper/internal/storage/store.go:158.2,160.18 3 1
tipharez-allmighty/youtube-scraper/internal/storage/store.go:160.18,163.153 2 1
tipharez-allmighty/youtube-scraper/internal/storage/store.go:163.153,165.4 1 0
tipharez-allmighty/youtube-scraper/internal/storage/store.go:166.3,166.31 1 1
tipharez-allmighty/youtube-scraper/internal/storage/store.go:168.2,168.35 1 1
tipharez-allmighty/youtube-scraper/internal/storage/store.go:168.35,170.3 1 0
tipharez-allmighty/youtube-scraper/internal/storage/store.go:171.2,171.44 1 1
tipharez-allmighty/youtube-scraper/internal/storage/store.go:174.93,179.16 2 1
tipharez-allmighty/youtube-scraper/internal/storage/store.go:179.16,181.3 1 0
tipharez-allmighty/youtube-scraper/internal/storage/store.go:182.2,184.18 3 1
tipharez-allmighty/youtube-scraper/internal/storage/store.go:184.18,187.134 2 1
tipharez-allmighty/youtube-scraper/internal/storage/store.go:187.134,189.4 1 0
tipharez-allmighty/youtube-scraper/internal/storage/store.go:190.3,190.33 1 1
tipharez-allmighty/youtube-scraper/internal/storage/store.go:192.2,192.35 1 1
tipharez-allmighty/youtube-scraper/internal/storage/store.go:192.35,194.3 1 0
tipharez-allmighty/youtube-scraper/internal/storage/store.go:195.2,195.46 1 1
tipharez-allmighty/youtube-scraper/internal/storage/store.go:198.40,200.16 2 1
tipharez-allmighty/youtube-scraper/internal/storage/store.go:200.16,202.3 1 0
tipharez-allmighty/youtube-scraper/internal/storage/store.go:203.2,208.12 2 1
tipharez-allmighty/youtube-scraper/internal/storage/store.go:211.42,220.2 2 4
tipharez-allmighty/youtube-scraper/internal/storage/store.go:222.81,227.2 2 1
tipharez-allmighty/youtube-scraper/internal/storage/store.go:229.69,234.2 2 1
tipharez-allmighty/youtube-scraper/internal/storage/store.go:240.86,242.16 2 3
tipharez-allmighty/youtube-scraper/internal/storage/store.go:242.16,244.3 1 0
tipharez-allmighty/youtube-scraper/internal/storage/store.go:245.2,246.37 2 3
tipharez-allmighty/youtube-scraper/internal/storage/store.go:246.37,248.3 1 0
tipharez-allmighty/youtube-scraper/internal/storage/store.go:249.2,251.16 1 3
tipharez-allmighty/youtube-scraper/internal/storage/store.go:251.16,253.3 1 0
tipharez-allmighty/youtube-scraper/internal/storage/store.go:254.2,254.20 1 3
tipharez-allmighty/youtube-scraper/internal/storage/store.go:257.58,258.27 1 1
tipharez-allmighty/youtube-scraper/internal/storage/store.go:258.27,261.106 1 1
tipharez-allmighty/youtube-scraper/internal/storage/store.go:261.106,263.4 1 0
tipharez-allmighty/youtube-scraper/internal/storage/store.go:265.2,265.12 1 1
tipharez-allmighty/youtube-scraper/internal/storage/store.go:268.68,269.28 1 1
tipharez-allmighty/youtube-scraper/internal/storage/store.go:269.28,271.295 1 1
tipharez-allmighty/youtube-scraper/internal/storage/store.go:271.295,273.4 1 0
tipharez-allmighty/youtube-scraper/internal/storage/store.go:275.2,275.12 1 1
tipharez-allmighty/youtube-scraper/internal/storage/store.go:278.63,279.28 1 1
tipharez-allmighty/youtube-scraper/internal/storage/store.go:279.28,281.258 1 1
tipharez-allmighty/youtube-scraper/internal/storage/store.go:281.258,283.4 1 0
tipharez-allmighty/youtube-scraper/internal/storage/store.go:285.2,285.12 1 1
tipharez-allmighty/youtube-scraper/internal/storage/store.go:288.54,290.16 2 0
tipharez-allmighty/youtube-scraper/internal/storage/store.go:290.16,292.3 1 0
tipharez-allmighty/youtube-scraper/internal/storage/store.go:293.2,299.32 3 0
tipharez-allmighty/youtube-scraper/internal/storage/store.go:299.32,300.49 1 0
tipharez-allmighty/youtube-scraper/internal/storage/store.go:300.49,302.4 1 0
tipharez-allmighty/youtube-scraper/internal/storage/store.go:304.2,308.33 2 0
tipharez-allmighty/youtube-scraper/internal/storage/store.go:308.33,309.42 1 0
tipharez-allmighty/youtube-scraper/internal/storage/store.go:309.42,311.4 1 0
tipharez-allmighty/youtube-scraper/internal/storage/store.go:313.2,313.20 1 0
tipharez-allmighty/youtube-scraper/internal/youtube/client.go:17.42,19.2 1 0
tipharez-allmighty/youtube-scraper/internal/youtube/client.go:21.68,25.16 4 0
tipharez-allmighty/youtube-scraper/internal/youtube/client.go:25.16,27.3 1 0
tipharez-allmighty/youtube-scraper/internal/youtube/client.go:28.2,30.16 3 0
tipharez-allmighty/youtube-scraper/internal/youtube/client.go:30.16,32.3 1 0
tipharez-allmighty/youtube-scraper/internal/youtube/client.go:33.2,33.53 1 0
tipharez-allmighty/youtube-scraper/internal/youtube/client.go:33.53,35.55 2 0
tipharez-allmighty/youtube-scraper/internal/youtube/client.go:35.55,37.4 1 0
tipharez-allmighty/youtube-scraper/internal/youtube/client.go:38.3,38.30 1 0
tipharez-allmighty/youtube-scraper/internal/youtube/client.go:38.30,40.4 1 0
tipharez-allmighty/youtube-scraper/internal/youtube/client.go:42.2,42.34 1 0
tipharez-allmighty/youtube-scraper/internal/youtube/error.go:28.34,29.24 1 0
tipharez-allmighty/youtube-scraper/internal/youtube/error.go:29.24,31.3 1 0
tipharez-allmighty/youtube-scraper/internal/youtube/error.go:32.2,32.88 1 0
tipharez-allmighty/youtube-scraper/internal/youtube/error.go:35.35,37.33 2 0
tipharez-allmighty/youtube-scraper/internal/youtube/error.go:37.33,39.3 1 0
tipharez-allmighty/youtube-scraper/internal/youtube/error.go:40.2,40.15 1 0
tipharez-allmighty/youtube-scraper/internal/youtube/response.go:30.37,30.56 1 0
tipharez-allmighty/youtube-scraper/internal/youtube/response.go:67.44,67.71 1 0
tipharez-allmighty/youtube-scraper/internal/youtube/response.go:74.38,74.59 1 0
tipharez-allmighty/youtube-scraper/internal/youtube/service.go:53.100,56.6 3 0
tipharez-allmighty/youtube-scraper/internal/youtube/service.go:56.6,57.10 1 0
tipharez-allmighty/youtube-scraper/internal/youtube/service.go:58.21,59.10 1 0
tipharez-allmighty/youtube-scraper/internal/youtube/service.go:60.11,60.11 0 0
tipharez-allmighty/youtube-scraper/internal/youtube/service.go:62.3,63.17 2 0
tipharez-allmighty/youtube-scraper/internal/youtube/service.go:63.17,65.9 2 0
tipharez-allmighty/youtube-scraper/internal/youtube/service.go:67.3,68.26 2 0
tipharez-allmighty/youtube-scraper/internal/youtube/service.go:68.26,69.9 1 0
tipharez-allmighty/youtube-scraper/internal/youtube/service.go:71.3,72.48 2 0
tipharez-allmighty/youtube-scraper/internal/youtube/service.go:72.48,73.9 1 0
tipharez-allmighty/youtube-scraper/internal/youtube/service.go:78.106,80.32 2 0
tipharez-allmighty/youtube-scraper/internal/youtube/service.go:80.32,82.17 2 0
tipharez-allmighty/youtube-scraper/internal/youtube/service.go:82.17,83.54 1 0
tipharez-allmighty/youtube-scraper/internal/youtube/service.go:83.54,85.41 2 0
tipharez-allmighty/youtube-scraper/internal/youtube/service.go:85.41,86.70 1 0
tipharez-allmighty/youtube-scraper/internal/youtube/service.go:86.70,88.7 1 0
tipharez-allmighty/youtube-scraper/internal/youtube/service.go:89.6,91.14 3 0
tipharez-allmighty/youtube-scraper/internal/youtube/service.go:93.5,93.15 1 0
tipharez-allmighty/youtube-scraper/internal/youtube/service.go:96.3,96.13 1 0
tipharez-allmighty/youtube-scraper/internal/youtube/service.go:98.2,98.12 1 0
tipharez-allmighty/youtube-scraper/internal/youtube/service.go:111.173,119.26 3 0
tipharez-allmighty/youtube-scraper/internal/youtube/service.go:119.26,122.3 2 0
tipharez-allmighty/youtube-scraper/internal/youtube/service.go:124.2,127.16 4 0
tipharez-allmighty/youtube-scraper/internal/youtube/service.go:127.16,129.3 1 0
tipharez-allmighty/youtube-scraper/internal/youtube/service.go:130.2,131.42 2 0
tipharez-allmighty/youtube-scraper/internal/youtube/service.go:131.42,133.3 1 0
tipharez-allmighty/youtube-scraper/internal/youtube/service.go:134.2,137.86 3 0
tipharez-allmighty/youtube-scraper/internal/youtube/service.go:137.86,139.3 1 0
tipharez-allmighty/youtube-scraper/internal/youtube/service.go:140.2,141.44 2 0
tipharez-allmighty/youtube-scraper/internal/youtube/service.go:141.44,150.3 1 0
tipharez-allmighty/youtube-scraper/internal/youtube/service.go:151.2,151.70 1 0
tipharez-allmighty/youtube-scraper/internal/youtube/service.go:151.70,153.3 1 0
tipharez-allmighty/youtube-scraper/internal/youtube/service.go:153.17,155.3 1 0
tipharez-allmighty/youtube-scraper/internal/youtube/service.go:156.2,157.44 2 0
tipharez-allmighty/youtube-scraper/internal/youtube/service.go:157.44,166.74 2 0
tipharez-allmighty/youtube-scraper/internal/youtube/service.go:166.74,168.4 1 0
tipharez-allmighty/youtube-scraper/internal/youtube/service.go:170.2,170.42 1 0
tipharez-allmighty/youtube-scraper/internal/youtube/service.go:173.184,180.26 3 0
tipharez-allmighty/youtube-scraper/internal/youtube/service.go:180.26,183.3 2 0
tipharez-allmighty/youtube-scraper/internal/youtube/service.go:184.2,186.16 3 0
tipharez-allmighty/youtube-scraper/internal/youtube/service.go:186.16,188.3 1 0
tipharez-allmighty/youtube-scraper/internal/youtube/service.go:189.2,191.42 3 0
tipharez-allmighty/youtube-scraper/internal/youtube/service.go:191.42,193.3 1 0
tipharez-allmighty/youtube-scraper/internal/youtube/service.go:194.2,198.16 4 0
tipharez-allmighty/youtube-scraper/internal/youtube/service.go:198.16,199.53 1 0
tipharez-allmighty/youtube-scraper/internal/youtube/service.go:199.53,200.43 1 0
tipharez-allmighty/youtube-scraper/internal/youtube/service.go:200.43,202.73 2 0
tipharez-allmighty/youtube-scraper/internal/youtube/service.go:202.73,204.6 1 0
tipharez-allmighty/youtube-scraper/internal/youtube/service.go:204.20,206.6 1 0
tipharez-allmighty/youtube-scraper/internal/youtube/service.go:207.5,207.19 1 0
tipharez-allmighty/youtube-scraper/internal/youtube/service.go:210.3,210.68 1 0
tipharez-allmighty/youtube-scraper/internal/youtube/service.go:212.2,216.51 5 0
tipharez-allmighty/youtube-scraper/internal/youtube/service.go:216.51,231.26 3 0
tipharez-allmighty/youtube-scraper/internal/youtube/service.go:231.26,233.12 2 0
tipharez-allmighty/youtube-scraper/internal/youtube/service.go:235.3,235.64 1 0
tipharez-allmighty/youtube-scraper/internal/youtube/service.go:235.64,238.4 2 0
tipharez-allmighty/youtube-scraper/internal/youtube/service.go:238.9,241.4 2 0
tipharez-allmighty/youtube-scraper/internal/youtube/service.go:243.2,243.70 1 0
tipharez-allmighty/youtube-scraper/internal/youtube/service.go:243.70,245.3 1 0
tipharez-allmighty/youtube-scraper/internal/youtube/service.go:245.17,247.3 1 0
tipharez-allmighty/youtube-scraper/internal/youtube/service.go:248.2,248.39 1 0
tipharez-allmighty/youtube-scraper/internal/youtube/service.go:248.39,254.72 2 0
tipharez-allmighty/youtube-scraper/internal/youtube/service.go:254.72,256.4 1 0
tipharez-allmighty/youtube-scraper/internal/youtube/service.go:258.2,258.48 1 0
tipharez-allmighty/youtube-scraper/internal/youtube/service.go:258.48,259.94 1 0
tipharez-allmighty/youtube-scraper/internal/youtube/service.go:259.94,261.4 1 0
tipharez-allmighty/youtube-scraper/internal/youtube/service.go:264.2,264.49 1 0
tipharez-allmighty/youtube-scraper/internal/youtube/service.go:267.124,274.26 3 0
tipharez-allmighty/youtube-scraper/internal/youtube/service.go:274.26,277.3 2 0
tipharez-allmighty/youtube-scraper/internal/youtube/service.go:278.2,280.16 3 0
tipharez-allmighty/youtube-scraper/internal/youtube/service.go:280.16,282.3 1 0
tipharez-allmighty/youtube-scraper/internal/youtube/service.go:283.2,285.42 3 0
tipharez-allmighty/youtube-scraper/internal/youtube/service.go:285.42,287.3 1 0
tipharez-allmighty/youtube-scraper/internal/youtube/service.go:288.2,290.87 3 0
tipharez-allmighty/youtube-scraper/internal/youtube/service.go:290.87,292.3 1 0
tipharez-allmighty/youtube-scraper/internal/youtube/service.go:293.2,295.45 3 0
tipharez-allmighty/youtube-scraper/internal/youtube/service.go:295.45,308.3 1 0
tipharez-allmighty/youtube-scraper/internal/youtube/service.go:309.2,309.70 1 0
tipharez-allmighty/youtube-scraper/internal/youtube/service.go:309.70,311.3 1 0
tipharez-allmighty/youtube-scraper/internal/youtube/service.go:311.17,313.3 1 0
tipharez-allmighty/youtube-scraper/internal/youtube/service.go:314.2,314.43 1 0
tipharez-allmighty/youtube-scraper/internal/youtube/service.go:317.98,327.16 3 0
tipharez-allmighty/youtube-scraper/internal/youtube/service.go:327.16,329.3 1 0
tipharez-allmighty/youtube-scraper/internal/youtube/service.go:330.2,332.42 3 0
tipharez-allmighty/youtube-scraper/internal/youtube/service.go:332.42,334.3 1 0
tipharez-allmighty/youtube-scraper/internal/youtube/service.go:335.2,336.48 2 0
tipharez-allmighty/youtube-scraper/internal/youtube/service.go:336.48,351.3 2 0
tipharez-allmighty/youtube-scraper/internal/youtube/service.go:352.2,352.75 1 0
tipharez-allmighty/youtube-scraper/internal/youtube/service.go:352.75,354.3 1 0
tipharez-allmighty/youtube-scraper/internal/youtube/service.go:354.17,356.3 1 0
tipharez-allmighty/youtube-scraper/internal/youtube/service.go:357.2,357.12 1 0
tipharez-allmighty/youtube-scraper/internal/youtube/service.go:360.49,362.2 1 0
tipharez-allmighty/youtube-scraper/internal/youtube/service.go:364.58,365.37 1 0
tipharez-allmighty/youtube-scraper/internal/youtube/service.go:365.37,367.3 1 0
tipharez-allmighty/youtube-scraper/internal/youtube/service.go:368.2,369.76 2 0
tipharez-allmighty/youtube-scraper/internal/youtube/service.go:369.76,371.3 1 0
tipharez-allmighty/youtube-scraper/cmd/main.go:16.13,22.16 5 0
tipharez-allmighty/youtube-scraper/cmd/main.go:22.16,25.3 2 0
tipharez-allmighty/youtube-scraper/cmd/main.go:26.2,30.21 5 0
tipharez-allmighty/youtube-scraper/cmd/main.go:31.9,32.34 1 0
tipharez-allmighty/youtube-scraper/cmd/main.go:33.9,34.35 1 0
tipharez-allmighty/youtube-scraper/cmd/main.go:35.10,36.34 1 0
tipharez-allmighty/youtube-scraper/cmd/main.go:38.2,40.28 3 0
tipharez-allmighty/youtube-scraper/internal/channel/chan.go:9.58,12.2 2 0
tipharez-allmighty/youtube-scraper/internal/channel/chan.go:14.69,15.9 1 4
tipharez-allmighty/youtube-scraper/internal/channel/chan.go:16.15,17.13 1 2
tipharez-allmighty/youtube-scraper/internal/channel/chan.go:18.20,19.19 1 2
tipharez-allmighty/youtube-scraper/internal/cli/base.go:20.77,22.18 2 0
tipharez-allmighty/youtube-scraper/internal/cli/base.go:22.18,24.3 1 0
tipharez-allmighty/youtube-scraper/internal/cli/base.go:25.2,26.16 2 0
tipharez-allmighty/youtube-scraper/internal/cli/base.go:26.16,28.3 1 0
tipharez-allmighty/youtube-scraper/internal/cli/base.go:29.2,30.19 2 0
tipharez-allmighty/youtube-scraper/internal/cli/base.go:33.80,34.22 1 0
tipharez-allmighty/youtube-scraper/internal/cli/base.go:34.22,36.60 2 0
tipharez-allmighty/youtube-scraper/internal/cli/base.go:36.60,38.4 1 0
tipharez-allmighty/youtube-scraper/internal/cli/export.go:23.51,27.53 4 0
tipharez-allmighty/youtube-scraper/internal/cli/export.go:27.53,29.3 1 0
tipharez-allmighty/youtube-scraper/internal/cli/export.go:30.2,30.26 1 0
tipharez-allmighty/youtube-scraper/internal/cli/export.go:30.26,31.82 1 0
tipharez-allmighty/youtube-scraper/internal/cli/export.go:31.82,33.4 1 0
tipharez-allmighty/youtube-scraper/internal/cli/export.go:33.9,35.4 1 0
tipharez-allmighty/youtube-scraper/internal/cli/export.go:37.2,38.16 2 0
tipharez-allmighty/youtube-scraper/internal/cli/export.go:38.16,40.3 1 0
tipharez-allmighty/youtube-scraper/internal/cli/export.go:41.2,45.15 4 0
tipharez-allmighty/youtube-scraper/internal/cli/export.go:45.15,46.129 1 0
tipharez-allmighty/youtube-scraper/internal/cli/export.go:46.129,49.4 2 0
tipharez-allmighty/youtube-scraper/internal/cli/export.go:51.2,51.15 1 0
tipharez-allmighty/youtube-scraper/internal/cli/export.go:51.15,52.131 1 0
tipharez-allmighty/youtube-scraper/internal/cli/export.go:52.131,55.4 2 0
tipharez-allmighty/youtube-scraper/internal/cli/export.go:57.2,57.15 1 0
tipharez-allmighty/youtube-scraper/internal/cli/export.go:57.15,58.133 1 0
tipharez-allmighty/youtube-scraper/internal/cli/export.go:58.133,61.4 2 0
tipharez-allmighty/youtube-scraper/internal/cli/export.go:63.2,66.27 3 0
tipharez-allmighty/youtube-scraper/internal/cli/export.go:66.27,68.3 1 0
tipharez-allmighty/youtube-scraper/internal/cli/export.go:69.2,69.19 1 0
tipharez-allmighty/youtube-scraper/internal/cli/export.go:69.19,71.3 1 0
tipharez-allmighty/youtube-scraper/internal/cli/export.go:72.2,72.12 1 0
tipharez-allmighty/youtube-scraper/internal/cli/job.go:27.53,29.16 2 0
tipharez-allmighty/youtube-scraper/internal/cli/job.go:29.16,31.3 1 0
tipharez-allmighty/youtube-scraper/internal/cli/job.go:32.2,34.16 3 0
tipharez-allmighty/youtube-scraper/internal/cli/job.go:34.16,36.3 1 0
tipharez-allmighty/youtube-scraper/internal/cli/job.go:37.2,39.27 3 0
tipharez-allmighty/youtube-scraper/internal/cli/job.go:39.27,41.43 2 0
tipharez-allmighty/youtube-scraper/internal/cli/job.go:41.43,43.4 1 0
tipharez-allmighty/youtube-scraper/internal/cli/job.go:44.3,44.87 1 0
tipharez-allmighty/youtube-scraper/internal/cli/job.go:46.2,46.18 1 0
tipharez-allmighty/youtube-scraper/internal/cli/job.go:49.55,51.16 2 0
tipharez-allmighty/youtube-scraper/internal/cli/job.go:51.16,53.3 1 0
tipharez-allmighty/youtube-scraper/internal/cli/job.go:54.2,56.16 3 0
tipharez-allmighty/youtube-scraper/internal/cli/job.go:56.16,58.3 1 0
tipharez-allmighty/youtube-scraper/internal/cli/job.go:59.2,60.48 2 0
tipharez-allmighty/youtube-scraper/internal/cli/job.go:60.48,62.3 1 0
tipharez-allmighty/youtube-scraper/internal/cli/job.go:63.2,66.18 4 0
tipharez-allmighty/youtube-scraper/internal/cli/resume.go:27.72,29.16 2 0
tipharez-allmighty/youtube-scraper/internal/cli/resume.go:29.16,31.3 1 0
tipharez-allmighty/youtube-scraper/internal/cli/resume.go:32.2,35.16 4 0
tipharez-allmighty/youtube-scraper/internal/cli/resume.go:35.16,37.3 1 0
tipharez-allmighty/youtube-scraper/internal/cli/resume.go:38.2,39.16 2 0
tipharez-allmighty/youtube-scraper/internal/cli/resume.go:39.16,41.3 1 0
tipharez-allmighty/youtube-scraper/internal/cli/resume.go:42.2,42.21 1 0
tipharez-allmighty/youtube-scraper/internal/cli/resume.go:42.21,44.3 1 0
tipharez-allmighty/youtube-scraper/internal/cli/resume.go:45.2,49.29 3 0
tipharez-allmighty/youtube-scraper/internal/cli/resume.go:49.29,50.20 1 0
tipharez-allmighty/youtube-scraper/internal/cli/resume.go:51.23,52.49 1 0
tipharez-allmighty/youtube-scraper/internal/cli/resume.go:53.23,54.49 1 0
tipharez-allmighty/youtube-scraper/internal/cli/resume.go:55.22,56.51 1 0
tipharez-allmighty/youtube-scraper/internal/cli/resume.go:59.2,59.9 1 0
tipharez-allmighty/youtube-scraper/internal/cli/resume.go:60.31,61.81 1 0
tipharez-allmighty/youtube-scraper/internal/cli/resume.go:61.81,63.4 1 0
tipharez-allmighty/youtube-scraper/internal/cli/resume.go:64.31,65.111 1 0
tipharez-allmighty/youtube-scraper/internal/cli/resume.go:65.111,67.4 1 0
tipharez-allmighty/youtube-scraper/internal/cli/resume.go:68.32,69.96 1 0
tipharez-allmighty/youtube-scraper/internal/cli/resume.go:69.96,71.4 1 0
tipharez-allmighty/youtube-scraper/internal/cli/resume.go:73.2,73.12 1 0
tipharez-allmighty/youtube-scraper/internal/cli/resume.go:76.161,84.27 7 0
tipharez-allmighty/youtube-scraper/internal/cli/resume.go:84.27,85.22 1 0
tipharez-allmighty/youtube-scraper/internal/cli/resume.go:85.22,86.34 1 0
tipharez-allmighty/youtube-scraper/internal/cli/resume.go:86.34,87.110 1 0
tipharez-allmighty/youtube-scraper/internal/cli/resume.go:87.110,97.6 2 0
tipharez-allmighty/youtube-scraper/internal/cli/resume.go:101.2,101.27 1 0
tipharez-allmighty/youtube-scraper/internal/cli/resume.go:101.27,102.22 1 0
tipharez-allmighty/youtube-scraper/internal/cli/resume.go:102.22,103.36 1 0
tipharez-allmighty/youtube-scraper/internal/cli/resume.go:103.36,104.111 1 0
tipharez-allmighty/youtube-scraper/internal/cli/resume.go:104.111,114.6 2 0
tipharez-allmighty/youtube-scraper/internal/cli/resume.go:118.2,118.27 1 0
tipharez-allmighty/youtube-scraper/internal/cli/resume.go:118.27,119.23 1 0
tipharez-allmighty/youtube-scraper/internal/cli/resume.go:119.23,120.38 1 0
tipharez-allmighty/youtube-scraper/internal/cli/resume.go:120.38,121.115 1 0
tipharez-allmighty/youtube-scraper/internal/cli/resume.go:121.115,129.6 2 0
tipharez-allmighty/youtube-scraper/internal/cli/resume.go:134.2,134.38 1 0
tipharez-allmighty/youtube-scraper/internal/cli/resume.go:134.38,137.17 3 0
tipharez-allmighty/youtube-scraper/internal/cli/resume.go:137.17,139.4 1 0
tipharez-allmighty/youtube-scraper/internal/cli/resume.go:140.3,140.68 1 0
tipharez-allmighty/youtube-scraper/internal/cli/resume.go:140.68,143.4 2 0
tipharez-allmighty/youtube-scraper/internal/cli/resume.go:145.2,146.38 2 0
tipharez-allmighty/youtube-scraper/internal/cli/resume.go:146.38,149.17 3 0
tipharez-allmighty/youtube-scraper/internal/cli/resume.go:149.17,151.4 1 0
tipharez-allmighty/youtube-scraper/internal/cli/resume.go:152.3,152.70 1 0
tipharez-allmighty/youtube-scraper/internal/cli/resume.go:152.70,154.4 1 0
tipharez-allmighty/youtube-scraper/internal/cli/resume.go:157.2,157.39 1 0
tipharez-allmighty/youtube-scraper/internal/cli/resume.go:157.39,160.17 3 0
tipharez-allmighty/youtube-scraper/internal/cli/resume.go:160.17,162.4 1 0
tipharez-allmighty/youtube-scraper/internal/cli/resume.go:163.3,163.72 1 0
tipharez-allmighty/youtube-scraper/internal/cli/resume.go:163.72,165.4 1 0
tipharez-allmighty/youtube-scraper/internal/cli/resume.go:167.2,170.12 4 0
tipharez-allmighty/youtube-scraper/internal/cli/resume.go:173.203,179.27 5 0
tipharez-allmighty/youtube-scraper/internal/cli/resume.go:179.27,180.22 1 0
tipharez-allmighty/youtube-scraper/internal/cli/resume.go:180.22,181.36 1 0
tipharez-allmighty/youtube-scraper/internal/cli/resume.go:181.36,182.111 1 0
tipharez-allmighty/youtube-scraper/internal/cli/resume.go:182.111,192.6 2 0
tipharez-allmighty/youtube-scraper/internal/cli/resume.go:196.2,196.27 1 0
tipharez-allmighty/youtube-scraper/internal/cli/resume.go:196.27,197.23 1 0
tipharez-allmighty/youtube-scraper/internal/cli/resume.go:197.23,198.38 1 0
tipharez-allmighty/youtube-scraper/internal/cli/resume.go:198.38,199.115 1 0
tipharez-allmighty/youtube-scraper/internal/cli/resume.go:199.115,207.6 2 0
tipharez-allmighty/youtube-scraper/internal/cli/resume.go:211.2,211.35 1 0
tipharez-allmighty/youtube-scraper/internal/cli/resume.go:211.35,214.17 3 0
tipharez-allmighty/youtube-scraper/internal/cli/resume.go:214.17,216.4 1 0
tipharez-allmighty/youtube-scraper/internal/cli/resume.go:217.3,217.70 1 0
tipharez-allmighty/youtube-scraper/internal/cli/resume.go:217.70,220.4 2 0
tipharez-allmighty/youtube-scraper/internal/cli/resume.go:222.2,224.36 2 0
tipharez-allmighty/youtube-scraper/internal/cli/resume.go:224.36,227.17 3 0
tipharez-allmighty/youtube-scraper/internal/cli/resume.go:227.17,229.4 1 0
tipharez-allmighty/youtube-scraper/internal/cli/resume.go:230.3,230.72 1 0
tipharez-allmighty/youtube-scraper/internal/cli/resume.go:230.72,232.4 1 0
tipharez-allmighty/youtube-scraper/internal/cli/resume.go:234.2,236.12 3 0
tipharez-allmighty/youtube-scraper/internal/cli/resume.go:239.176,242.27 3 0
tipharez-allmighty/youtube-scraper/internal/cli/resume.go:242.27,243.23 1 0
tipharez-allmighty/youtube-scraper/internal/cli/resume.go:243.23,244.38 1 0
tipharez-allmighty/youtube-scraper/internal/cli/resume.go:244.38,245.115 1 0
tipharez-allmighty/youtube-scraper/internal/cli/resume.go:245.115,253.6 2 0
tipharez-allmighty/youtube-scraper/internal/cli/resume.go:258.2,258.36 1 0
tipharez-allmighty/youtube-scraper/internal/cli/resume.go:258.36,261.17 3 0
tipharez-allmighty/youtube-scraper/internal/cli/resume.go:261.17,263.4 1 0
tipharez-allmighty/youtube-scraper/internal/cli/resume.go:264.3,264.72 1 0
tipharez-allmighty/youtube-scraper/internal/cli/resume.go:264.72,267.4 2 0
tipharez-allmighty/youtube-scraper/internal/cli/resume.go:269.2,271.12 3 0
tipharez-allmighty/youtube-scraper/internal/cli/run.go:22.69,24.64 2 0
tipharez-allmighty/youtube-scraper/internal/cli/run.go:24.64,26.3 1 0
tipharez-allmighty/youtube-scraper/internal/cli/run.go:27.2,28.55 2 0
tipharez-allmighty/youtube-scraper/internal/cli/run.go:28.55,30.3 1 0
tipharez-allmighty/youtube-scraper/internal/cli/run.go:32.2,33.16 2 0
tipharez-allmighty/youtube-scraper/internal/cli/run.go:33.16,35.3 1 0
tipharez-allmighty/youtube-scraper/internal/cli/run.go:36.2,38.16 3 0
tipharez-allmighty/youtube-scraper/internal/cli/run.go:38.16,40.3 1 0
tipharez-allmighty/youtube-scraper/internal/cli/run.go:41.2,42.45 2 0
tipharez-allmighty/youtube-scraper/internal/cli/run.go:42.45,44.3 1 0
tipharez-allmighty/youtube-scraper/internal/cli/run.go:45.2,60.27 10 0
tipharez-allmighty/youtube-scraper/internal/cli/run.go:60.27,61.22 1 0
tipharez-allmighty/youtube-scraper/internal/cli/run.go:61.22,62.31 1 0
tipharez-allmighty/youtube-scraper/internal/cli/run.go:62.31,63.93 1 0
tipharez-allmighty/youtube-scraper/internal/cli/run.go:63.93,76.6 1 0
tipharez-allmighty/youtube-scraper/internal/cli/run.go:80.2,80.27 1 0
tipharez-allmighty/youtube-scraper/internal/cli/run.go:80.27,81.29 1 0
tipharez-allmighty/youtube-scraper/internal/cli/run.go:81.29,82.36 1 0
tipharez-allmighty/youtube-scraper/internal/cli/run.go:82.36,83.95 1 0
tipharez-allmighty/youtube-scraper/internal/cli/run.go:83.95,93.6 2 0
tipharez-allmighty/youtube-scraper/internal/cli/run.go:97.2,97.27 1 0
tipharez-allmighty/youtube-scraper/internal/cli/run.go:97.27,98.23 1 0
tipharez-allmighty/youtube-scraper/internal/cli/run.go:98.23,99.38 1 0
tipharez-allmighty/youtube-scraper/internal/cli/run.go:99.38,100.96 1 0
tipharez-allmighty/youtube-scraper/internal/cli/run.go:100.96,108.6 2 0
tipharez-allmighty/youtube-scraper/internal/cli/run.go:112.2,114.40 3 0
tipharez-allmighty/youtube-scraper/internal/cli/run.go:114.40,115.65 1 0
tipharez-allmighty/youtube-scraper/internal/cli/run.go:115.65,118.4 2 0
tipharez-allmighty/youtube-scraper/internal/cli/run.go:120.2,122.12 3 0
tipharez-allmighty/youtube-scraper/internal/config/config.go:21.30,23.16 2 0
tipharez-allmighty/youtube-scraper/internal/config/config.go:23.16,25.3 1 0
tipharez-allmighty/youtube-scraper/internal/config/config.go:26.2,27.39 2 0
tipharez-allmighty/youtube-scraper/internal/config/config.go:27.39,29.3 1 0
tipharez-allmighty/youtube-scraper/internal/config/config.go:30.2,30.17 1 0
tipharez-allmighty/youtube-scraper/internal/export/csv.go:15.114,17.16 2 0
tipharez-allmighty/youtube-scraper/internal/export/csv.go:17.16,19.3 1 0
tipharez-allmighty/youtube-scraper/internal/export/csv.go:20.2,25.6 5 0
tipharez-allmighty/youtube-scraper/internal/export/csv.go:25.6,26.10 1 0
tipharez-allmighty/youtube-scraper/internal/export/csv.go:27.21,28.20 1 0
tipharez-allmighty/youtube-scraper/internal/export/csv.go:29.11,29.11 0 0
tipharez-allmighty/youtube-scraper/internal/export/csv.go:31.3,32.17 2 0
tipharez-allmighty/youtube-scraper/internal/export/csv.go:32.17,34.4 1 0
tipharez-allmighty/youtube-scraper/internal/export/csv.go:35.3,35.21 1 0
tipharez-allmighty/youtube-scraper/internal/export/csv.go:35.21,36.9 1 0
tipharez-allmighty/youtube-scraper/internal/export/csv.go:38.3,39.18 2 0
tipharez-allmighty/youtube-scraper/internal/export/csv.go:39.18,41.18 2 0
tipharez-allmighty/youtube-scraper/internal/export/csv.go:41.18,43.5 1 0
tipharez-allmighty/youtube-scraper/internal/export/csv.go:44.4,44.46 1 0
tipharez-allmighty/youtube-scraper/internal/export/csv.go:46.3,46.28 1 0
tipharez-allmighty/youtube-scraper/internal/export/csv.go:46.28,48.18 2 0
tipharez-allmighty/youtube-scraper/internal/export/csv.go:48.18,50.5 1 0
tipharez-allmighty/youtube-scraper/internal/export/csv.go:51.4,51.42 1 0
tipharez-allmighty/youtube-scraper/internal/export/csv.go:53.3,53.54 1 0
tipharez-allmighty/youtube-scraper/internal/export/csv.go:53.54,55.4 1 0
tipharez-allmighty/youtube-scraper/internal/export/csv.go:56.3,56.24 1 0
tipharez-allmighty/youtube-scraper/internal/export/csv.go:56.24,57.9 1 0
tipharez-allmighty/youtube-scraper/internal/export/csv.go:59.3,59.22 1 0
tipharez-allmighty/youtube-scraper/internal/export/csv.go:61.2,61.12 1 0
tipharez-allmighty/youtube-scraper/internal/export/csv.go:64.41,66.33 2 0
tipharez-allmighty/youtube-scraper/internal/export/csv.go:66.33,68.3 1 0
tipharez-allmighty/youtube-scraper/internal/export/csv.go:69.2,69.32 1 0
tipharez-allmighty/youtube-scraper/internal/export/csv.go:69.32,71.3 1 0
tipharez-allmighty/youtube-scraper/internal/export/csv.go:72.2,74.27 3 0
tipharez-allmighty/youtube-scraper/internal/export/csv.go:74.27,75.22 1 0
tipharez-allmighty/youtube-scraper/internal/export/csv.go:75.22,76.12 1 0
tipharez-allmighty/youtube-scraper/internal/export/csv.go:78.3,78.40 1 0
tipharez-allmighty/youtube-scraper/internal/export/csv.go:80.2,80.21 1 0
tipharez-allmighty/youtube-scraper/internal/export/csv.go:83.38,85.33 2 0
tipharez-allmighty/youtube-scraper/internal/export/csv.go:85.33,87.3 1 0
tipharez-allmighty/youtube-scraper/internal/export/csv.go:88.2,88.32 1 0
tipharez-allmighty/youtube-scraper/internal/export/csv.go:88.32,90.3 1 0
tipharez-allmighty/youtube-scraper/internal/export/csv.go:91.2,93.27 3 0
tipharez-allmighty/youtube-scraper/internal/export/csv.go:93.27,94.22 1 0
tipharez-allmighty/youtube-scraper/internal/export/csv.go:94.22,95.12 1 0
tipharez-allmighty/youtube-scraper/internal/export/csv.go:97.3,97.62 1 0
tipharez-allmighty/youtube-scraper/internal/export/csv.go:99.2,99.17 1 0
tipharez-allmighty/youtube-scraper/internal/export/csv.go:102.43,103.34 1 0
tipharez-allmighty/youtube-scraper/internal/export/csv.go:103.34,104.17 1 0
tipharez-allmighty/youtube-scraper/internal/export/csv.go:104.17,106.4 1 0
tipharez-allmighty/youtube-scraper/internal/export/csv.go:107.3,107.17 1 0
tipharez-allmighty/youtube-scraper/internal/export/csv.go:109.2,109.45 1 0
tipharez-allmighty/youtube-scraper/internal/export/csv.go:109.45,111.3 1 0
tipharez-allmighty/youtube-scraper/internal/export/csv.go:112.2,112.42 1 0
tipharez-allmighty/youtube-scraper/internal/export/sqlite.go:14.86,16.18 2 0
tipharez-allmighty/youtube-scraper/internal/export/sqlite.go:16.18,18.3 1 0
tipharez-allmighty/youtube-scraper/internal/export/sqlite.go:19.2,20.16 2 0
tipharez-allmighty/youtube-scraper/internal/export/sqlite.go:20.16,22.3 1 0
tipharez-allmighty/youtube-scraper/internal/export/sqlite.go:23.2,24.19 2 0
tipharez-allmighty/youtube-scraper/internal/export/sqlite.go:27.77,29.18 2 0
tipharez-allmighty/youtube-scraper/internal/export/sqlite.go:29.18,31.3 1 0
tipharez-allmighty/youtube-scraper/internal/export/sqlite.go:32.2,33.51 2 0
tipharez-allmighty/youtube-scraper/internal/export/sqlite.go:33.51,35.3 1 0
tipharez-allmighty/youtube-scraper/internal/export/sqlite.go:36.2,36.15 1 0
tipharez-allmighty/youtube-scraper/internal/export/sqlite.go:36.15,37.17 1 0
tipharez-allmighty/youtube-scraper/internal/export/sqlite.go:37.17,39.4 1 0
tipharez-allmighty/youtube-scraper/internal/export/sqlite.go:41.2,42.16 2 0
tipharez-allmighty/youtube-scraper/internal/export/sqlite.go:42.16,44.3 1 0
tipharez-allmighty/youtube-scraper/internal/export/sqlite.go:45.2,46.53 2 0
tipharez-allmighty/youtube-scraper/internal/export/sqlite.go:46.53,48.3 1 0
tipharez-allmighty/youtube-scraper/internal/export/sqlite.go:49.2,49.12 1 0
tipharez-allmighty/youtube-scraper/internal/export/sqlite.go:52.50,54.16 2 0
tipharez-allmighty/youtube-scraper/internal/export/sqlite.go:54.16,56.3 1 0
tipharez-allmighty/youtube-scraper/internal/export/sqlite.go:57.2,57.16 1 0
tipharez-allmighty/youtube-scraper/internal/export/sqlite.go:60.47,62.16 2 0
tipharez-allmighty/youtube-scraper/internal/export/sqlite.go:62.16,64.3 1 0
tipharez-allmighty/youtube-scraper/internal/export/sqlite.go:65.2,67.16 3 0
tipharez-allmighty/youtube-scraper/internal/export/sqlite.go:67.16,69.3 1 0
tipharez-allmighty/youtube-scraper/internal/export/sqlite.go:70.2,71.53 2 0
tipharez-allmighty/youtube-scraper/internal/export/sqlite.go:71.53,73.3 1 0
tipharez-allmighty/youtube-scraper/internal/export/sqlite.go:74.2,75.12 2 0
tipharez-allmighty/youtube-scraper/internal/export/sqlite.go:78.42,79.44 1 0
tipharez-allmighty/youtube-scraper/internal/export/sqlite.go:79.44,81.3 1 0
tipharez-allmighty/youtube-scraper/internal/export/sqlite.go:82.2,82.12 1 0
tipharez-allmighty/youtube-scraper/internal/input/decode.go:10.58,12.17 2 0
tipharez-allmighty/youtube-scraper/internal/input/decode.go:12.17,14.3 1 0
tipharez-allmighty/youtube-scraper/internal/input/decode.go:14.8,16.3 1 0
tipharez-allmighty/youtube-scraper/internal/input/decode.go:17.2,17.12 1 0
tipharez-allmighty/youtube-scraper/internal/storage/db.go:20.41,23.16 3 0
tipharez-allmighty/youtube-scraper/internal/storage/db.go:23.16,25.3 1 0
tipharez-allmighty/youtube-scraper/internal/storage/db.go:26.2,26.43 1 0
tipharez-allmighty/youtube-scraper/internal/storage/db.go:26.43,28.3 1 0
tipharez-allmighty/youtube-scraper/internal/storage/db.go:29.2,29.16 1 0
tipharez-allmighty/youtube-scraper/internal/storage/store.go:15.25,17.2 1 0
tipharez-allmighty/youtube-scraper/internal/storage/store.go:19.34,21.2 1 0
tipharez-allmighty/youtube-scraper/internal/storage/store.go:23.54,29.16 2 0
tipharez-allmighty/youtube-scraper/internal/storage/store.go:29.16,31.3 1 0
tipharez-allmighty/youtube-scraper/internal/storage/store.go:32.2,35.18 3 0
tipharez-allmighty/youtube-scraper/internal/storage/store.go:35.18,40.17 3 0
tipharez-allmighty/youtube-scraper/internal/storage/store.go:40.17,42.4 1 0
tipharez-allmighty/youtube-scraper/internal/storage/store.go:43.3,43.65 1 0
tipharez-allmighty/youtube-scraper/internal/storage/store.go:43.65,45.4 1 0
tipharez-allmighty/youtube-scraper/internal/storage/store.go:46.3,46.25 1 0
tipharez-allmighty/youtube-scraper/internal/storage/store.go:48.2,48.35 1 0
tipharez-allmighty/youtube-scraper/internal/storage/store.go:48.35,50.3 1 0
tipharez-allmighty/youtube-scraper/internal/storage/store.go:51.2,51.18 1 0
tipharez-allmighty/youtube-scraper/internal/storage/store.go:54.68,70.16 4 0
tipharez-allmighty/youtube-scraper/internal/storage/store.go:70.16,72.3 1 0
tipharez-allmighty/youtube-scraper/internal/storage/store.go:73.2,73.64 1 0
tipharez-allmighty/youtube-scraper/internal/storage/store.go:73.64,75.3 1 0
tipharez-allmighty/youtube-scraper/internal/storage/store.go:76.2,76.16 1 0
tipharez-allmighty/youtube-scraper/internal/storage/store.go:79.74,89.16 3 0
tipharez-allmighty/youtube-scraper/internal/storage/store.go:89.16,91.3 1 0
tipharez-allmighty/youtube-scraper/internal/storage/store.go:92.2,93.71 2 0
tipharez-allmighty/youtube-scraper/internal/storage/store.go:93.71,95.3 1 0
tipharez-allmighty/youtube-scraper/internal/storage/store.go:96.2,96.26 1 0
tipharez-allmighty/youtube-scraper/internal/storage/store.go:99.65,105.16 2 0
tipharez-allmighty/youtube-scraper/internal/storage/store.go:105.16,107.3 1 0
tipharez-allmighty/youtube-scraper/internal/storage/store.go:108.2,111.18 3 0
tipharez-allmighty/youtube-scraper/internal/storage/store.go:111.18,115.17 2 0
tipharez-allmighty/youtube-scraper/internal/storage/store.go:115.17,117.4 1 0
tipharez-allmighty/youtube-scraper/internal/storage/store.go:118.3,118.27 1 0
tipharez-allmighty/youtube-scraper/internal/storage/store.go:120.2,120.35 1 0
tipharez-allmighty/youtube-scraper/internal/storage/store.go:120.35,122.3 1 0
tipharez-allmighty/youtube-scraper/internal/storage/store.go:123.2,123.19 1 0
tipharez-allmighty/youtube-scraper/internal/storage/store.go:126.89,131.16 2 0
tipharez-allmighty/youtube-scraper/internal/storage/store.go:131.16,133.3 1 0
tipharez-allmighty/youtube-scraper/internal/storage/store.go:134.2,136.18 3 0
tipharez-allmighty/youtube-scraper/internal/storage/store.go:136.18,139.103 2 0
tipharez-allmighty/youtube-scraper/internal/storage/store.go:139.103,141.4 1 0
tipharez-allmighty/youtube-scraper/internal/storage/store.go:142.3,142.29 1 0
tipharez-allmighty/youtube-scraper/internal/storage/store.go:144.2,144.35 1 0
tipharez-allmighty/youtube-scraper/internal/storage/store.go:144.35,146.3 1 0
tipharez-allmighty/youtube-scraper/internal/storage/store.go:147.2,147.42 1 0
tipharez-allmighty/youtube-scraper/internal/storage/store.go:150.98,155.16 2 0
tipharez-allmighty/youtube-scraper/internal/storage/store.go:155.16,157.3 1 0
tipharez-allmighty/youtube-scraper/internal/storage/store.go:158.2,160.18 3 0
tipharez-allmighty/youtube-scraper/internal/storage/store.go:160.18,163.153 2 0
tipharez-allmighty/youtube-scraper/internal/storage/store.go:163.153,165.4 1 0
tipharez-allmighty/youtube-scraper/internal/storage/store.go:166.3,166.31 1 0
tipharez-allmighty/youtube-scraper/internal/storage/store.go:168.2,168.35 1 0
tipharez-allmighty/youtube-scraper/internal/storage/store.go:168.35,170.3 1 0
tipharez-allmighty/youtube-scraper/internal/storage/store.go:171.2,171.44 1 0
tipharez-allmighty/youtube-scraper/internal/storage/store.go:174.93,179.16 2 0
tipharez-allmighty/youtube-scraper/internal/storage/store.go:179.16,181.3 1 0
tipharez-allmighty/youtube-scraper/internal/storage/store.go:182.2,184.18 3 0
tipharez-allmighty/youtube-scraper/internal/storage/store.go:184.18,187.134 2 0
tipharez-allmighty/youtube-scraper/internal/storage/store.go:187.134,189.4 1 0
tipharez-allmighty/youtube-scraper/internal/storage/store.go:190.3,190.33 1 0
tipharez-allmighty/youtube-scraper/internal/storage/store.go:192.2,192.35 1 0
tipharez-allmighty/youtube-scraper/internal/storage/store.go:192.35,194.3 1 0
tipharez-allmighty/youtube-scraper/internal/storage/store.go:195.2,195.46 1 0
tipharez-allmighty/youtube-scraper/internal/storage/store.go:198.40,200.16 2 0
tipharez-allmighty/youtube-scraper/internal/storage/store.go:200.16,202.3 1 0
tipharez-allmighty/youtube-scraper/internal/storage/store.go:203.2,208.12 2 0
tipharez-allmighty/youtube-scraper/internal/storage/store.go:211.42,220.2 2 0
tipharez-allmighty/youtube-scraper/internal/storage/store.go:222.81,227.2 2 0
tipharez-allmighty/youtube-scraper/internal/storage/store.go:229.69,234.2 2 0
tipharez-allmighty/youtube-scraper/internal/storage/store.go:240.86,242.16 2 0
tipharez-allmighty/youtube-scraper/internal/storage/store.go:242.16,244.3 1 0
tipharez-allmighty/youtube-scraper/internal/storage/store.go:245.2,246.37 2 0
tipharez-allmighty/youtube-scraper/internal/storage/store.go:246.37,248.3 1 0
tipharez-allmighty/youtube-scraper/internal/storage/store.go:249.2,251.16 1 0
tipharez-allmighty/youtube-scraper/internal/storage/store.go:251.16,253.3 1 0
tipharez-allmighty/youtube-scraper/internal/storage/store.go:254.2,254.20 1 0
tipharez-allmighty/youtube-scraper/internal/storage/store.go:257.58,258.27 1 2
tipharez-allmighty/youtube-scraper/internal/storage/store.go:258.27,261.106 1 2
tipharez-allmighty/youtube-scraper/internal/storage/store.go:261.106,263.4 1 0
tipharez-allmighty/youtube-scraper/internal/storage/store.go:265.2,265.12 1 2
tipharez-allmighty/youtube-scraper/internal/storage/store.go:268.68,269.28 1 2
tipharez-allmighty/youtube-scraper/internal/storage/store.go:269.28,271.295 1 2
tipharez-allmighty/youtube-scraper/internal/storage/store.go:271.295,273.4 1 0
tipharez-allmighty/youtube-scraper/internal/storage/store.go:275.2,275.12 1 2
tipharez-allmighty/youtube-scraper/internal/storage/store.go:278.63,279.28 1 1
tipharez-allmighty/youtube-scraper/internal/storage/store.go:279.28,281.258 1 1
tipharez-allmighty/youtube-scraper/internal/storage/store.go:281.258,283.4 1 0
tipharez-allmighty/youtube-scraper/internal/storage/store.go:285.2,285.12 1 1
tipharez-allmighty/youtube-scraper/internal/storage/store.go:288.54,290.16 2 0
tipharez-allmighty/youtube-scraper/internal/storage/store.go:290.16,292.3 1 0
tipharez-allmighty/youtube-scraper/internal/storage/store.go:293.2,299.32 3 0
tipharez-allmighty/youtube-scraper/internal/storage/store.go:299.32,300.49 1 0
tipharez-allmighty/youtube-scraper/internal/storage/store.go:300.49,302.4 1 0
tipharez-allmighty/youtube-scraper/internal/storage/store.go:304.2,308.33 2 0
tipharez-allmighty/youtube-scraper/internal/storage/store.go:308.33,309.42 1 0
tipharez-allmighty/youtube-scraper/internal/storage/store.go:309.42,311.4 1 0
tipharez-allmighty/youtube-scraper/internal/storage/store.go:313.2,313.20 1 0
tipharez-allmighty/youtube-scraper/internal/youtube/client.go:17.42,19.2 1 2
tipharez-allmighty/youtube-scraper/internal/youtube/client.go:21.68,25.16 4 2
tipharez-allmighty/youtube-scraper/internal/youtube/client.go:25.16,27.3 1 0
tipharez-allmighty/youtube-scraper/internal/youtube/client.go:28.2,30.16 3 2
tipharez-allmighty/youtube-scraper/internal/youtube/client.go:30.16,32.3 1 0
tipharez-allmighty/youtube-scraper/internal/youtube/client.go:33.2,33.53 1 2
tipharez-allmighty/youtube-scraper/internal/youtube/client.go:33.53,35.55 2 1
tipharez-allmighty/youtube-scraper/internal/youtube/client.go:35.55,37.4 1 0
tipharez-allmighty/youtube-scraper/internal/youtube/client.go:38.3,38.30 1 1
tipharez-allmighty/youtube-scraper/internal/youtube/client.go:38.30,40.4 1 1
tipharez-allmighty/youtube-scraper/internal/youtube/client.go:42.2,42.34 1 1
tipharez-allmighty/youtube-scraper/internal/youtube/error.go:28.34,29.24 1 0
tipharez-allmighty/youtube-scraper/internal/youtube/error.go:29.24,31.3 1 0
tipharez-allmighty/youtube-scraper/internal/youtube/error.go:32.2,32.88 1 0
tipharez-allmighty/youtube-scraper/internal/youtube/error.go:35.35,37.33 2 5
tipharez-allmighty/youtube-scraper/internal/youtube/error.go:37.33,39.3 1 3
tipharez-allmighty/youtube-scraper/internal/youtube/error.go:40.2,40.15 1 5
tipharez-allmighty/youtube-scraper/internal/youtube/response.go:30.37,30.56 1 2
tipharez-allmighty/youtube-scraper/internal/youtube/response.go:67.44,67.71 1 0
tipharez-allmighty/youtube-scraper/internal/youtube/response.go:74.38,74.59 1 0
tipharez-allmighty/youtube-scraper/internal/youtube/service.go:53.100,56.6 3 3
tipharez-allmighty/youtube-scraper/internal/youtube/service.go:56.6,57.10 1 8
tipharez-allmighty/youtube-scraper/internal/youtube/service.go:58.21,59.10 1 1
tipharez-allmighty/youtube-scraper/internal/youtube/service.go:60.11,60.11 0 7
tipharez-allmighty/youtube-scraper/internal/youtube/service.go:62.3,63.17 2 7
tipharez-allmighty/youtube-scraper/internal/youtube/service.go:63.17,65.9 2 0
tipharez-allmighty/youtube-scraper/internal/youtube/service.go:67.3,68.26 2 7
tipharez-allmighty/youtube-scraper/internal/youtube/service.go:68.26,69.9 1 1
tipharez-allmighty/youtube-scraper/internal/youtube/service.go:71.3,72.48 2 6
tipharez-allmighty/youtube-scraper/internal/youtube/service.go:72.48,73.9 1 1
tipharez-allmighty/youtube-scraper/internal/youtube/service.go:78.106,80.32 2 8
tipharez-allmighty/youtube-scraper/internal/youtube/service.go:80.32,82.17 2 10
tipharez-allmighty/youtube-scraper/internal/youtube/service.go:82.17,83.54 1 5
tipharez-allmighty/youtube-scraper/internal/youtube/service.go:83.54,85.41 2 4
tipharez-allmighty/youtube-scraper/internal/youtube/service.go:85.41,86.70 1 4
tipharez-allmighty/youtube-scraper/internal/youtube/service.go:86.70,88.7 1 2
tipharez-allmighty/youtube-scraper/internal/youtube/service.go:89.6,91.14 3 2
tipharez-allmighty/youtube-scraper/internal/youtube/service.go:93.5,93.15 1 0
tipharez-allmighty/youtube-scraper/internal/youtube/service.go:96.3,96.13 1 6
tipharez-allmighty/youtube-scraper/internal/youtube/service.go:98.2,98.12 1 0
tipharez-allmighty/youtube-scraper/internal/youtube/service.go:111.173,119.26 3 2
tipharez-allmighty/youtube-scraper/internal/youtube/service.go:119.26,122.3 2 0
tipharez-allmighty/youtube-scraper/internal/youtube/service.go:124.2,127.16 4 2
tipharez-allmighty/youtube-scraper/internal/youtube/service.go:127.16,129.3 1 0
tipharez-allmighty/youtube-scraper/internal/youtube/service.go:130.2,131.42 2 2
tipharez-allmighty/youtube-scraper/internal/youtube/service.go:131.42,133.3 1 0
tipharez-allmighty/youtube-scraper/internal/youtube/service.go:134.2,137.86 3 2
tipharez-allmighty/youtube-scraper/internal/youtube/service.go:137.86,139.3 1 0
tipharez-allmighty/youtube-scraper/internal/youtube/service.go:140.2,141.44 2 2
tipharez-allmighty/youtube-scraper/internal/youtube/service.go:141.44,150.3 1 2
tipharez-allmighty/youtube-scraper/internal/youtube/service.go:151.2,151.70 1 2
tipharez-allmighty/youtube-scraper/internal/youtube/service.go:151.70,153.3 1 2
tipharez-allmighty/youtube-scraper/internal/youtube/service.go:153.17,155.3 1 0
tipharez-allmighty/youtube-scraper/internal/youtube/service.go:156.2,157.44 2 2
tipharez-allmighty/youtube-scraper/internal/youtube/service.go:157.44,166.74 2 2
tipharez-allmighty/youtube-scraper/internal/youtube/service.go:166.74,168.4 1 1
tipharez-allmighty/youtube-scraper/internal/youtube/service.go:170.2,170.42 1 1
tipharez-allmighty/youtube-scraper/internal/youtube/service.go:173.184,180.26 3 2
tipharez-allmighty/youtube-scraper/internal/youtube/service.go:180.26,183.3 2 0
tipharez-allmighty/youtube-scraper/internal/youtube/service.go:184.2,186.16 3 2
tipharez-allmighty/youtube-scraper/internal/youtube/service.go:186.16,188.3 1 0
tipharez-allmighty/youtube-scraper/internal/youtube/service.go:189.2,191.42 3 2
tipharez-allmighty/youtube-scraper/internal/youtube/service.go:191.42,193.3 1 0
tipharez-allmighty/youtube-scraper/internal/youtube/service.go:194.2,198.16 4 2
tipharez-allmighty/youtube-scraper/internal/youtube/service.go:198.16,199.53 1 0
tipharez-allmighty/youtube-scraper/internal/youtube/service.go:199.53,200.43 1 0
tipharez-allmighty/youtube-scraper/internal/youtube/service.go:200.43,202.73 2 0
tipharez-allmighty/youtube-scraper/internal/youtube/service.go:202.73,204.6 1 0
tipharez-allmighty/youtube-scraper/internal/youtube/service.go:204.20,206.6 1 0
tipharez-allmighty/youtube-scraper/internal/youtube/service.go:207.5,207.19 1 0
tipharez-allmighty/youtube-scraper/internal/youtube/service.go:210.3,210.68 1 0
tipharez-allmighty/youtube-scraper/internal/youtube/service.go:212.2,216.51 5 2
tipharez-allmighty/youtube-scraper/internal/youtube/service.go:216.51,231.26 3 2
tipharez-allmighty/youtube-scraper/internal/youtube/service.go:231.26,233.12 2 0
tipharez-allmighty/youtube-scraper/internal/youtube/service.go:235.3,235.64 1 2
tipharez-allmighty/youtube-scraper/internal/youtube/service.go:235.64,238.4 2 2
tipharez-allmighty/youtube-scraper/internal/youtube/service.go:238.9,241.4 2 0
tipharez-allmighty/youtube-scraper/internal/youtube/service.go:243.2,243.70 1 2
tipharez-allmighty/youtube-scraper/internal/youtube/service.go:243.70,245.3 1 2
tipharez-allmighty/youtube-scraper/internal/youtube/service.go:245.17,247.3 1 0
tipharez-allmighty/youtube-scraper/internal/youtube/service.go:248.2,248.39 1 2
tipharez-allmighty/youtube-scraper/internal/youtube/service.go:248.39,254.72 2 2
tipharez-allmighty/youtube-scraper/internal/youtube/service.go:254.72,256.4 1 1
tipharez-allmighty/youtube-scraper/internal/youtube/service.go:258.2,258.48 1 1
tipharez-allmighty/youtube-scraper/internal/youtube/service.go:258.48,259.94 1 0
tipharez-allmighty/youtube-scraper/internal/youtube/service.go:259.94,261.4 1 0
tipharez-allmighty/youtube-scraper/internal/youtube/service.go:264.2,264.49 1 1
tipharez-allmighty/youtube-scraper/internal/youtube/service.go:267.124,274.26 3 1
tipharez-allmighty/youtube-scraper/internal/youtube/service.go:274.26,277.3 2 0
tipharez-allmighty/youtube-scraper/internal/youtube/service.go:278.2,280.16 3 1
tipharez-allmighty/youtube-scraper/internal/youtube/service.go:280.16,282.3 1 0
tipharez-allmighty/youtube-scraper/internal/youtube/service.go:283.2,285.42 3 1
tipharez-allmighty/youtube-scraper/internal/youtube/service.go:285.42,287.3 1 0
tipharez-allmighty/youtube-scraper/internal/youtube/service.go:288.2,290.87 3 1
tipharez-allmighty/youtube-scraper/internal/youtube/service.go:290.87,292.3 1 0
tipharez-allmighty/youtube-scraper/internal/youtube/service.go:293.2,295.45 3 1
tipharez-allmighty/youtube-scraper/internal/youtube/service.go:295.45,308.3 1 1
tipharez-allmighty/youtube-scraper/internal/youtube/service.go:309.2,309.70 1 1
tipharez-allmighty/youtube-scraper/internal/youtube/service.go:309.70,311.3 1 1
tipharez-allmighty/youtube-scraper/internal/youtube/service.go:311.17,313.3 1 0
tipharez-allmighty/youtube-scraper/internal/youtube/service.go:314.2,314.43 1 1
tipharez-allmighty/youtube-scraper/internal/youtube/service.go:317.98,327.16 3 0
tipharez-allmighty/youtube-scraper/internal/youtube/service.go:327.16,329.3 1 0
tipharez-allmighty/youtube-scraper/internal/youtube/service.go:330.2,332.42 3 0
tipharez-allmighty/youtube-scraper/internal/youtube/service.go:332.42,334.3 1 0
tipharez-allmighty/youtube-scraper/internal/youtube/service.go:335.2,336.48 2 0
tipharez-allmighty/youtube-scraper/internal/youtube/service.go:336.48,351.3 2 0
tipharez-allmighty/youtube-scraper/internal/youtube/service.go:352.2,352.75 1 0
tipharez-allmighty/youtube-scraper/internal/youtube/service.go:352.75,354.3 1 0
tipharez-allmighty/youtube-scraper/internal/youtube/service.go:354.17,356.3 1 0
tipharez-allmighty/youtube-scraper/internal/youtube/service.go:357.2,357.12 1 0
tipharez-allmighty/youtube-scraper/internal/youtube/service.go:360.49,362.2 1 5
tipharez-allmighty/youtube-scraper/internal/youtube/service.go:364.58,365.37 1 5
tipharez-allmighty/youtube-scraper/internal/youtube/service.go:365.37,367.3 1 3
tipharez-allmighty/youtube-scraper/internal/youtube/service.go:368.2,369.76 2 2
tipharez-allmighty/youtube-scraper/internal/youtube/service.go:369.76,371.3 1 0
